2024-12-04T06:37:55.7699676Z Current runner version: '2.321.0'
2024-12-04T06:37:55.7732470Z ##[group]Operating System
2024-12-04T06:37:55.7733479Z Ubuntu
2024-12-04T06:37:55.7734081Z 22.04.5
2024-12-04T06:37:55.7734706Z LTS
2024-12-04T06:37:55.7735340Z ##[endgroup]
2024-12-04T06:37:55.7735948Z ##[group]Runner Image
2024-12-04T06:37:55.7736691Z Image: ubuntu-22.04
2024-12-04T06:37:55.7737388Z Version: 20241124.1.0
2024-12-04T06:37:55.7738581Z Included Software: https://github.com/actions/runner-images/blob/ubuntu22/20241124.1/images/ubuntu/Ubuntu2204-Readme.md
2024-12-04T06:37:55.7740117Z Image Release: https://github.com/actions/runner-images/releases/tag/ubuntu22%2F20241124.1
2024-12-04T06:37:55.7741214Z ##[endgroup]
2024-12-04T06:37:55.7741860Z ##[group]Runner Image Provisioner
2024-12-04T06:37:55.7742544Z 2.0.385.1
2024-12-04T06:37:55.7743209Z ##[endgroup]
2024-12-04T06:37:55.7745673Z ##[group]GITHUB_TOKEN Permissions
2024-12-04T06:37:55.7748285Z Actions: write
2024-12-04T06:37:55.7749287Z Attestations: write
2024-12-04T06:37:55.7750071Z Checks: write
2024-12-04T06:37:55.7750788Z Contents: write
2024-12-04T06:37:55.7751404Z Deployments: write
2024-12-04T06:37:55.7751996Z Discussions: write
2024-12-04T06:37:55.7752735Z Issues: write
2024-12-04T06:37:55.7753336Z Metadata: read
2024-12-04T06:37:55.7754007Z Packages: write
2024-12-04T06:37:55.7754634Z Pages: write
2024-12-04T06:37:55.7755295Z PullRequests: write
2024-12-04T06:37:55.7755953Z RepositoryProjects: write
2024-12-04T06:37:55.7756657Z SecurityEvents: write
2024-12-04T06:37:55.7757358Z Statuses: write
2024-12-04T06:37:55.7757958Z ##[endgroup]
2024-12-04T06:37:55.7761133Z Secret source: Actions
2024-12-04T06:37:55.7761993Z Prepare workflow directory
2024-12-04T06:37:55.8088859Z Prepare all required actions
2024-12-04T06:37:55.8125876Z Getting action download info
2024-12-04T06:37:56.0271308Z Download action repository 'actions/checkout@v3' (SHA:f43a0e5ff2bd294095638e18286ca9a3d1956744)
2024-12-04T06:37:56.1649415Z Download action repository 'azure/setup-helm@v3' (SHA:5119fcb9089d432beecbf79bb2c7915207344b78)
2024-12-04T06:37:56.5016412Z Download action repository 'appleboy/scp-action@v0.1.2' (SHA:f57f59fba9f7f05a7857eeb06d556738cc696279)
2024-12-04T06:37:56.8643645Z Download action repository 'appleboy/ssh-action@v0.1.3' (SHA:bf84735fa9986d048980965656d55112e863f432)
2024-12-04T06:37:57.3803754Z Complete job name: deploy-to-eks
2024-12-04T06:37:57.4439434Z ##[group]Build container for action use: '/home/runner/work/_actions/appleboy/scp-action/v0.1.2/Dockerfile'.
2024-12-04T06:37:57.4550602Z ##[command]/usr/bin/docker build -t 54ac83:bd60b294353347c48d3044f9918a62eb -f "/home/runner/work/_actions/appleboy/scp-action/v0.1.2/Dockerfile" "/home/runner/work/_actions/appleboy/scp-action/v0.1.2"
2024-12-04T06:37:58.0757467Z #0 building with "default" instance using docker driver
2024-12-04T06:37:58.0758836Z 
2024-12-04T06:37:58.0759557Z #1 [internal] load build definition from Dockerfile
2024-12-04T06:37:58.0761095Z #1 transferring dockerfile: 174B done
2024-12-04T06:37:58.0762449Z #1 DONE 0.0s
2024-12-04T06:37:58.0763136Z 
2024-12-04T06:37:58.0763917Z #2 [auth] appleboy/drone-scp:pull token for registry-1.docker.io
2024-12-04T06:37:58.2258134Z #2 DONE 0.0s
2024-12-04T06:37:58.2259049Z 
2024-12-04T06:37:58.2260012Z #3 [internal] load metadata for docker.io/appleboy/drone-scp:1.6.3-linux-amd64
2024-12-04T06:37:58.3641840Z #3 DONE 0.4s
2024-12-04T06:37:58.4896600Z 
2024-12-04T06:37:58.4897932Z #4 [internal] load .dockerignore
2024-12-04T06:37:58.4900206Z #4 transferring context: 2B done
2024-12-04T06:37:58.4902049Z #4 DONE 0.0s
2024-12-04T06:37:58.4902900Z 
2024-12-04T06:37:58.4903880Z #5 [internal] load build context
2024-12-04T06:37:58.4905765Z #5 transferring context: 187B done
2024-12-04T06:37:58.4908058Z #5 DONE 0.0s
2024-12-04T06:37:58.4909074Z 
2024-12-04T06:37:58.4911185Z #6 [1/3] FROM docker.io/appleboy/drone-scp:1.6.3-linux-amd64@sha256:da9f1b624742d97396789daec01e69b98675acdf6d2d4bee7826890ade951364
2024-12-04T06:37:58.4915952Z #6 resolve docker.io/appleboy/drone-scp:1.6.3-linux-amd64@sha256:da9f1b624742d97396789daec01e69b98675acdf6d2d4bee7826890ade951364 done
2024-12-04T06:37:58.4920863Z #6 sha256:aa268e0119dc288f7079c830110de1254ae3474ae8736139a3386a9a7cca125c 0B / 12.40kB 0.1s
2024-12-04T06:37:58.4924736Z #6 sha256:0ddf4c6ed57d216ced0343929f6e4a4a5a2853c7b6530e3ba2fb2dd71521beee 0B / 3.89MB 0.1s
2024-12-04T06:37:58.4928586Z #6 sha256:da9f1b624742d97396789daec01e69b98675acdf6d2d4bee7826890ade951364 1.16kB / 1.16kB done
2024-12-04T06:37:58.4932370Z #6 sha256:2ccf3fef7a9c7d04cb802b5875f303da13d7b9517290ae5a9f7cd470ffb22a82 5.43kB / 5.43kB done
2024-12-04T06:37:58.4936976Z #6 sha256:a0d0a0d46f8b52473982a3c466318f479767577551a53ffc9074c9fa7035982e 2.28MB / 2.81MB 0.1s
2024-12-04T06:37:58.4940799Z #6 sha256:7cdb075647b73a929538b3d103805be6e89a4f37fa84e5a34459114d2ee621da 301.14kB / 301.14kB 0.1s done
2024-12-04T06:37:58.5924302Z #6 sha256:aa268e0119dc288f7079c830110de1254ae3474ae8736139a3386a9a7cca125c 12.40kB / 12.40kB 0.1s done
2024-12-04T06:37:58.5927761Z #6 sha256:0ddf4c6ed57d216ced0343929f6e4a4a5a2853c7b6530e3ba2fb2dd71521beee 3.89MB / 3.89MB 0.1s done
2024-12-04T06:37:58.5930500Z #6 sha256:a0d0a0d46f8b52473982a3c466318f479767577551a53ffc9074c9fa7035982e 2.81MB / 2.81MB 0.1s done
2024-12-04T06:37:58.5932974Z #6 extracting sha256:a0d0a0d46f8b52473982a3c466318f479767577551a53ffc9074c9fa7035982e 0.1s done
2024-12-04T06:37:58.5936513Z #6 extracting sha256:7cdb075647b73a929538b3d103805be6e89a4f37fa84e5a34459114d2ee621da
2024-12-04T06:37:58.6938085Z #6 extracting sha256:7cdb075647b73a929538b3d103805be6e89a4f37fa84e5a34459114d2ee621da 0.0s done
2024-12-04T06:37:58.6942095Z #6 extracting sha256:aa268e0119dc288f7079c830110de1254ae3474ae8736139a3386a9a7cca125c
2024-12-04T06:37:58.7978276Z #6 extracting sha256:aa268e0119dc288f7079c830110de1254ae3474ae8736139a3386a9a7cca125c done
2024-12-04T06:37:58.7980030Z #6 extracting sha256:0ddf4c6ed57d216ced0343929f6e4a4a5a2853c7b6530e3ba2fb2dd71521beee 0.0s done
2024-12-04T06:37:58.7981081Z #6 DONE 0.4s
2024-12-04T06:37:58.9630998Z 
2024-12-04T06:37:58.9632408Z #7 [2/3] COPY entrypoint.sh /entrypoint.sh
2024-12-04T06:37:58.9633424Z #7 DONE 0.0s
2024-12-04T06:37:58.9633719Z 
2024-12-04T06:37:58.9634100Z #8 [3/3] RUN chmod +x /entrypoint.sh
2024-12-04T06:37:59.0166951Z #8 DONE 0.2s
2024-12-04T06:37:59.1685809Z 
2024-12-04T06:37:59.1686600Z #9 exporting to image
2024-12-04T06:37:59.1687237Z #9 exporting layers
2024-12-04T06:38:00.0090120Z #9 exporting layers 1.0s done
2024-12-04T06:38:00.0317186Z #9 writing image sha256:e3713677e8578f8a42bfa4b39d36f1ab1cdcec0fa642d057c5e8455e3f83e531 done
2024-12-04T06:38:00.0319392Z #9 naming to docker.io/library/54ac83:bd60b294353347c48d3044f9918a62eb done
2024-12-04T06:38:00.0320391Z #9 DONE 1.0s
2024-12-04T06:38:00.0377043Z ##[endgroup]
2024-12-04T06:38:00.0407389Z ##[group]Build container for action use: '/home/runner/work/_actions/appleboy/ssh-action/v0.1.3/Dockerfile'.
2024-12-04T06:38:00.0409091Z ##[command]/usr/bin/docker build -t 54ac83:9ac3a5937c3f4d008f883818b0748564 -f "/home/runner/work/_actions/appleboy/ssh-action/v0.1.3/Dockerfile" "/home/runner/work/_actions/appleboy/ssh-action/v0.1.3"
2024-12-04T06:38:00.3976219Z #0 building with "default" instance using docker driver
2024-12-04T06:38:00.3976741Z 
2024-12-04T06:38:00.3976970Z #1 [internal] load build definition from Dockerfile
2024-12-04T06:38:00.3977808Z #1 transferring dockerfile: 173B done
2024-12-04T06:38:00.3978202Z #1 DONE 0.0s
2024-12-04T06:38:00.3978394Z 
2024-12-04T06:38:00.3978616Z #2 [auth] appleboy/drone-ssh:pull token for registry-1.docker.io
2024-12-04T06:38:00.3979237Z #2 DONE 0.0s
2024-12-04T06:38:00.3979460Z 
2024-12-04T06:38:00.3979739Z #3 [internal] load metadata for docker.io/appleboy/drone-ssh:1.6.2-linux-amd64
2024-12-04T06:38:00.5386198Z #3 DONE 0.4s
2024-12-04T06:38:00.6563366Z 
2024-12-04T06:38:00.6564866Z #4 [internal] load .dockerignore
2024-12-04T06:38:00.6565632Z #4 transferring context: 2B done
2024-12-04T06:38:00.6566446Z #4 DONE 0.0s
2024-12-04T06:38:00.6566729Z 
2024-12-04T06:38:00.6566900Z #5 [internal] load build context
2024-12-04T06:38:00.6567685Z #5 transferring context: 108B done
2024-12-04T06:38:00.6568374Z #5 DONE 0.0s
2024-12-04T06:38:00.6568631Z 
2024-12-04T06:38:00.6569083Z #6 [1/3] FROM docker.io/appleboy/drone-ssh:1.6.2-linux-amd64@sha256:b801dc2cd238c192b6e99acfa7bc3f5b9a03f312bd2feb1e10b3a7a28a1b80ea
2024-12-04T06:38:00.6570337Z #6 resolve docker.io/appleboy/drone-ssh:1.6.2-linux-amd64@sha256:b801dc2cd238c192b6e99acfa7bc3f5b9a03f312bd2feb1e10b3a7a28a1b80ea done
2024-12-04T06:38:00.6571241Z #6 extracting sha256:df20fa9351a15782c64e6dddb2d4a6f50bf6d3688060a34c4014b0d9a752eb4c
2024-12-04T06:38:00.6572032Z #6 sha256:b801dc2cd238c192b6e99acfa7bc3f5b9a03f312bd2feb1e10b3a7a28a1b80ea 1.16kB / 1.16kB done
2024-12-04T06:38:00.6572762Z #6 sha256:48271d82b326d7d9bd84c75f600e58376a779fde827b3499fced3d4422e77d83 5.13kB / 5.13kB done
2024-12-04T06:38:00.6573491Z #6 sha256:df20fa9351a15782c64e6dddb2d4a6f50bf6d3688060a34c4014b0d9a752eb4c 2.80MB / 2.80MB 0.1s done
2024-12-04T06:38:00.6574362Z #6 sha256:43e9e455106c8916f67dea8c7b8a7681c56475f5ccaf22cd9ec03eb2e2441081 300.12kB / 300.12kB 0.1s done
2024-12-04T06:38:00.6575158Z #6 sha256:08237781daa07fbe321fdde6d5df6cc533dde5e9f11ba3861d068882e0e18978 0B / 11.93kB 0.1s
2024-12-04T06:38:00.6576538Z #6 sha256:c66a7bfaee96f528f441d31970ae9716cafdc4f31f10d8596740fccc35f705fe 0B / 4.14MB 0.1s
2024-12-04T06:38:00.7641625Z #6 extracting sha256:df20fa9351a15782c64e6dddb2d4a6f50bf6d3688060a34c4014b0d9a752eb4c 0.0s done
2024-12-04T06:38:00.7642689Z #6 sha256:08237781daa07fbe321fdde6d5df6cc533dde5e9f11ba3861d068882e0e18978 11.93kB / 11.93kB 0.1s done
2024-12-04T06:38:00.7643930Z #6 sha256:c66a7bfaee96f528f441d31970ae9716cafdc4f31f10d8596740fccc35f705fe 4.14MB / 4.14MB 0.2s done
2024-12-04T06:38:00.7644741Z #6 extracting sha256:43e9e455106c8916f67dea8c7b8a7681c56475f5ccaf22cd9ec03eb2e2441081 0.0s done
2024-12-04T06:38:00.8732198Z #6 extracting sha256:08237781daa07fbe321fdde6d5df6cc533dde5e9f11ba3861d068882e0e18978
2024-12-04T06:38:00.9881245Z #6 extracting sha256:08237781daa07fbe321fdde6d5df6cc533dde5e9f11ba3861d068882e0e18978 done
2024-12-04T06:38:00.9882055Z #6 extracting sha256:c66a7bfaee96f528f441d31970ae9716cafdc4f31f10d8596740fccc35f705fe 0.0s done
2024-12-04T06:38:00.9882829Z #6 DONE 0.4s
2024-12-04T06:38:00.9883137Z 
2024-12-04T06:38:00.9883315Z #7 [2/3] ADD entrypoint.sh /entrypoint.sh
2024-12-04T06:38:00.9883802Z #7 DONE 0.0s
2024-12-04T06:38:01.1390470Z 
2024-12-04T06:38:01.1761167Z #8 [3/3] RUN chmod +x /entrypoint.sh
2024-12-04T06:38:01.1762080Z #8 DONE 0.2s
2024-12-04T06:38:01.3275928Z 
2024-12-04T06:38:01.3276559Z #9 exporting to image
2024-12-04T06:38:01.3277201Z #9 exporting layers
2024-12-04T06:38:02.0123998Z #9 exporting layers 0.8s done
2024-12-04T06:38:02.0412769Z #9 writing image sha256:a6449e9b81ab143ab0760c42dedfac97f59e497958b706a68311ce794071cf89 done
2024-12-04T06:38:02.0414178Z #9 naming to docker.io/library/54ac83:9ac3a5937c3f4d008f883818b0748564 done
2024-12-04T06:38:02.0415295Z #9 DONE 0.8s
2024-12-04T06:38:02.0459559Z ##[endgroup]
2024-12-04T06:38:02.0708910Z ##[group]Run actions/checkout@v3
2024-12-04T06:38:02.0709825Z with:
2024-12-04T06:38:02.0710201Z   repository: shareefm0/enpm818-final-phase-6
2024-12-04T06:38:02.0710777Z   token: ***
2024-12-04T06:38:02.0711325Z   ssh-strict: true
2024-12-04T06:38:02.0711636Z   persist-credentials: true
2024-12-04T06:38:02.0712046Z   clean: true
2024-12-04T06:38:02.0712380Z   sparse-checkout-cone-mode: true
2024-12-04T06:38:02.0712781Z   fetch-depth: 1
2024-12-04T06:38:02.0713144Z   fetch-tags: false
2024-12-04T06:38:02.0713416Z   lfs: false
2024-12-04T06:38:02.0713784Z   submodules: false
2024-12-04T06:38:02.0714111Z   set-safe-directory: true
2024-12-04T06:38:02.0714772Z ##[endgroup]
2024-12-04T06:38:02.3233130Z Syncing repository: shareefm0/enpm818-final-phase-6
2024-12-04T06:38:02.3234980Z ##[group]Getting Git version info
2024-12-04T06:38:02.3235765Z Working directory is '/home/runner/work/enpm818-final-phase-6/enpm818-final-phase-6'
2024-12-04T06:38:02.3236878Z [command]/usr/bin/git version
2024-12-04T06:38:02.3240019Z git version 2.47.0
2024-12-04T06:38:02.3273689Z ##[endgroup]
2024-12-04T06:38:02.3289934Z Temporarily overriding HOME='/home/runner/work/_temp/9f338c14-9184-485c-88cb-8489e15c5dfb' before making global git config changes
2024-12-04T06:38:02.3290912Z Adding repository directory to the temporary git global config as a safe directory
2024-12-04T06:38:02.3293772Z [command]/usr/bin/git config --global --add safe.directory /home/runner/work/enpm818-final-phase-6/enpm818-final-phase-6
2024-12-04T06:38:02.3331769Z Deleting the contents of '/home/runner/work/enpm818-final-phase-6/enpm818-final-phase-6'
2024-12-04T06:38:02.3335533Z ##[group]Initializing the repository
2024-12-04T06:38:02.3338494Z [command]/usr/bin/git init /home/runner/work/enpm818-final-phase-6/enpm818-final-phase-6
2024-12-04T06:38:02.3437251Z hint: Using 'master' as the name for the initial branch. This default branch name
2024-12-04T06:38:02.3438215Z hint: is subject to change. To configure the initial branch name to use in all
2024-12-04T06:38:02.3438906Z hint: of your new repositories, which will suppress this warning, call:
2024-12-04T06:38:02.3439522Z hint:
2024-12-04T06:38:02.3439955Z hint: 	git config --global init.defaultBranch <name>
2024-12-04T06:38:02.3440398Z hint:
2024-12-04T06:38:02.3441060Z hint: Names commonly chosen instead of 'master' are 'main', 'trunk' and
2024-12-04T06:38:02.3441701Z hint: 'development'. The just-created branch can be renamed via this command:
2024-12-04T06:38:02.3442344Z hint:
2024-12-04T06:38:02.3442658Z hint: 	git branch -m <name>
2024-12-04T06:38:02.3446825Z Initialized empty Git repository in /home/runner/work/enpm818-final-phase-6/enpm818-final-phase-6/.git/
2024-12-04T06:38:02.3457063Z [command]/usr/bin/git remote add origin https://github.com/shareefm0/enpm818-final-phase-6
2024-12-04T06:38:02.3493750Z ##[endgroup]
2024-12-04T06:38:02.3494743Z ##[group]Disabling automatic garbage collection
2024-12-04T06:38:02.3497500Z [command]/usr/bin/git config --local gc.auto 0
2024-12-04T06:38:02.3526495Z ##[endgroup]
2024-12-04T06:38:02.3527457Z ##[group]Setting up auth
2024-12-04T06:38:02.3532663Z [command]/usr/bin/git config --local --name-only --get-regexp core\.sshCommand
2024-12-04T06:38:02.3562377Z [command]/usr/bin/git submodule foreach --recursive sh -c "git config --local --name-only --get-regexp 'core\.sshCommand' && git config --local --unset-all 'core.sshCommand' || :"
2024-12-04T06:38:02.3946992Z [command]/usr/bin/git config --local --name-only --get-regexp http\.https\:\/\/github\.com\/\.extraheader
2024-12-04T06:38:02.3974569Z [command]/usr/bin/git submodule foreach --recursive sh -c "git config --local --name-only --get-regexp 'http\.https\:\/\/github\.com\/\.extraheader' && git config --local --unset-all 'http.https://github.com/.extraheader' || :"
2024-12-04T06:38:02.4210564Z [command]/usr/bin/git config --local http.https://github.com/.extraheader AUTHORIZATION: basic ***
2024-12-04T06:38:02.4245276Z ##[endgroup]
2024-12-04T06:38:02.4246338Z ##[group]Fetching the repository
2024-12-04T06:38:02.4253086Z [command]/usr/bin/git -c protocol.version=2 fetch --no-tags --prune --progress --no-recurse-submodules --depth=1 origin +73cdadab1828cac9c6cb04a8dbfdb49fb1472015:refs/remotes/origin/main
2024-12-04T06:38:02.8475885Z remote: Enumerating objects: 1013, done.        
2024-12-04T06:38:02.8476627Z remote: Counting objects:   0% (1/1013)        
2024-12-04T06:38:02.8477224Z remote: Counting objects:   1% (11/1013)        
2024-12-04T06:38:02.8477688Z remote: Counting objects:   2% (21/1013)        
2024-12-04T06:38:02.8478091Z remote: Counting objects:   3% (31/1013)        
2024-12-04T06:38:02.8478578Z remote: Counting objects:   4% (41/1013)        
2024-12-04T06:38:02.8479027Z remote: Counting objects:   5% (51/1013)        
2024-12-04T06:38:02.8479488Z remote: Counting objects:   6% (61/1013)        
2024-12-04T06:38:02.8479939Z remote: Counting objects:   7% (71/1013)        
2024-12-04T06:38:02.8480417Z remote: Counting objects:   8% (82/1013)        
2024-12-04T06:38:02.8480854Z remote: Counting objects:   9% (92/1013)        
2024-12-04T06:38:02.8481778Z remote: Counting objects:  10% (102/1013)        
2024-12-04T06:38:02.8482280Z remote: Counting objects:  11% (112/1013)        
2024-12-04T06:38:02.8482694Z remote: Counting objects:  12% (122/1013)        
2024-12-04T06:38:02.8483192Z remote: Counting objects:  13% (132/1013)        
2024-12-04T06:38:02.8483613Z remote: Counting objects:  14% (142/1013)        
2024-12-04T06:38:02.8484109Z remote: Counting objects:  15% (152/1013)        
2024-12-04T06:38:02.8484536Z remote: Counting objects:  16% (163/1013)        
2024-12-04T06:38:02.8484931Z remote: Counting objects:  17% (173/1013)        
2024-12-04T06:38:02.8485446Z remote: Counting objects:  18% (183/1013)        
2024-12-04T06:38:02.8485850Z remote: Counting objects:  19% (193/1013)        
2024-12-04T06:38:02.8486301Z remote: Counting objects:  20% (203/1013)        
2024-12-04T06:38:02.8486766Z remote: Counting objects:  21% (213/1013)        
2024-12-04T06:38:02.8487158Z remote: Counting objects:  22% (223/1013)        
2024-12-04T06:38:02.8487689Z remote: Counting objects:  23% (233/1013)        
2024-12-04T06:38:02.8488071Z remote: Counting objects:  24% (244/1013)        
2024-12-04T06:38:02.8488541Z remote: Counting objects:  25% (254/1013)        
2024-12-04T06:38:02.8488957Z remote: Counting objects:  26% (264/1013)        
2024-12-04T06:38:02.8489376Z remote: Counting objects:  27% (274/1013)        
2024-12-04T06:38:02.8489989Z remote: Counting objects:  28% (284/1013)        
2024-12-04T06:38:02.8490383Z remote: Counting objects:  29% (294/1013)        
2024-12-04T06:38:02.8490860Z remote: Counting objects:  30% (304/1013)        
2024-12-04T06:38:02.8491272Z remote: Counting objects:  31% (315/1013)        
2024-12-04T06:38:02.8491741Z remote: Counting objects:  32% (325/1013)        
2024-12-04T06:38:02.8492117Z remote: Counting objects:  33% (335/1013)        
2024-12-04T06:38:02.8492590Z remote: Counting objects:  34% (345/1013)        
2024-12-04T06:38:02.8492983Z remote: Counting objects:  35% (355/1013)        
2024-12-04T06:38:02.8493375Z remote: Counting objects:  36% (365/1013)        
2024-12-04T06:38:02.8493886Z remote: Counting objects:  37% (375/1013)        
2024-12-04T06:38:02.8494286Z remote: Counting objects:  38% (385/1013)        
2024-12-04T06:38:02.8494795Z remote: Counting objects:  39% (396/1013)        
2024-12-04T06:38:02.8495174Z remote: Counting objects:  40% (406/1013)        
2024-12-04T06:38:02.8495545Z remote: Counting objects:  41% (416/1013)        
2024-12-04T06:38:02.8496559Z remote: Counting objects:  42% (426/1013)        
2024-12-04T06:38:02.8496985Z remote: Counting objects:  43% (436/1013)        
2024-12-04T06:38:02.8497475Z remote: Counting objects:  44% (446/1013)        
2024-12-04T06:38:02.8497902Z remote: Counting objects:  45% (456/1013)        
2024-12-04T06:38:02.8498324Z remote: Counting objects:  46% (466/1013)        
2024-12-04T06:38:02.8498721Z remote: Counting objects:  47% (477/1013)        
2024-12-04T06:38:02.8499347Z remote: Counting objects:  48% (487/1013)        
2024-12-04T06:38:02.8499852Z remote: Counting objects:  49% (497/1013)        
2024-12-04T06:38:02.8500263Z remote: Counting objects:  50% (507/1013)        
2024-12-04T06:38:02.8500698Z remote: Counting objects:  51% (517/1013)        
2024-12-04T06:38:02.8501087Z remote: Counting objects:  52% (527/1013)        
2024-12-04T06:38:02.8501539Z remote: Counting objects:  53% (537/1013)        
2024-12-04T06:38:02.8501942Z remote: Counting objects:  54% (548/1013)        
2024-12-04T06:38:02.8502314Z remote: Counting objects:  55% (558/1013)        
2024-12-04T06:38:02.8502810Z remote: Counting objects:  56% (568/1013)        
2024-12-04T06:38:02.8503180Z remote: Counting objects:  57% (578/1013)        
2024-12-04T06:38:02.8503666Z remote: Counting objects:  58% (588/1013)        
2024-12-04T06:38:02.8504041Z remote: Counting objects:  59% (598/1013)        
2024-12-04T06:38:02.8504397Z remote: Counting objects:  60% (608/1013)        
2024-12-04T06:38:02.8504908Z remote: Counting objects:  61% (618/1013)        
2024-12-04T06:38:02.8505445Z remote: Counting objects:  62% (629/1013)        
2024-12-04T06:38:02.8505896Z remote: Counting objects:  63% (639/1013)        
2024-12-04T06:38:02.8506384Z remote: Counting objects:  64% (649/1013)        
2024-12-04T06:38:02.8506874Z remote: Counting objects:  65% (659/1013)        
2024-12-04T06:38:02.8507297Z remote: Counting objects:  66% (669/1013)        
2024-12-04T06:38:02.8507982Z remote: Counting objects:  67% (679/1013)        
2024-12-04T06:38:02.8508532Z remote: Counting objects:  68% (689/1013)        
2024-12-04T06:38:02.8508926Z remote: Counting objects:  69% (699/1013)        
2024-12-04T06:38:02.8509369Z remote: Counting objects:  70% (710/1013)        
2024-12-04T06:38:02.8509803Z remote: Counting objects:  71% (720/1013)        
2024-12-04T06:38:02.8510223Z remote: Counting objects:  72% (730/1013)        
2024-12-04T06:38:02.8510636Z remote: Counting objects:  73% (740/1013)        
2024-12-04T06:38:02.8511075Z remote: Counting objects:  74% (750/1013)        
2024-12-04T06:38:02.8511541Z remote: Counting objects:  75% (760/1013)        
2024-12-04T06:38:02.8511964Z remote: Counting objects:  76% (770/1013)        
2024-12-04T06:38:02.8512400Z remote: Counting objects:  77% (781/1013)        
2024-12-04T06:38:02.8512786Z remote: Counting objects:  78% (791/1013)        
2024-12-04T06:38:02.8513267Z remote: Counting objects:  79% (801/1013)        
2024-12-04T06:38:02.8513674Z remote: Counting objects:  80% (811/1013)        
2024-12-04T06:38:02.8514046Z remote: Counting objects:  81% (821/1013)        
2024-12-04T06:38:02.8514534Z remote: Counting objects:  82% (831/1013)        
2024-12-04T06:38:02.8514910Z remote: Counting objects:  83% (841/1013)        
2024-12-04T06:38:02.8515395Z remote: Counting objects:  84% (851/1013)        
2024-12-04T06:38:02.8515764Z remote: Counting objects:  85% (862/1013)        
2024-12-04T06:38:02.8516135Z remote: Counting objects:  86% (872/1013)        
2024-12-04T06:38:02.8516681Z remote: Counting objects:  87% (882/1013)        
2024-12-04T06:38:02.8517103Z remote: Counting objects:  88% (892/1013)        
2024-12-04T06:38:02.8517574Z remote: Counting objects:  89% (902/1013)        
2024-12-04T06:38:02.8517984Z remote: Counting objects:  90% (912/1013)        
2024-12-04T06:38:02.8518838Z remote: Counting objects:  91% (922/1013)        
2024-12-04T06:38:02.8519308Z remote: Counting objects:  92% (932/1013)        
2024-12-04T06:38:02.8519699Z remote: Counting objects:  93% (943/1013)        
2024-12-04T06:38:02.8661715Z remote: Counting objects:  94% (953/1013)        
2024-12-04T06:38:02.8662915Z remote: Counting objects:  95% (963/1013)        
2024-12-04T06:38:02.8663457Z remote: Counting objects:  96% (973/1013)        
2024-12-04T06:38:02.8663946Z remote: Counting objects:  97% (983/1013)        
2024-12-04T06:38:02.8664574Z remote: Counting objects:  98% (993/1013)        
2024-12-04T06:38:02.8665067Z remote: Counting objects:  99% (1003/1013)        
2024-12-04T06:38:02.8666052Z remote: Counting objects: 100% (1013/1013)        
2024-12-04T06:38:02.8666614Z remote: Counting objects: 100% (1013/1013), done.        
2024-12-04T06:38:02.8667170Z remote: Compressing objects:   0% (1/699)        
2024-12-04T06:38:02.8668039Z remote: Compressing objects:   1% (7/699)        
2024-12-04T06:38:02.8668484Z remote: Compressing objects:   2% (14/699)        
2024-12-04T06:38:02.8669005Z remote: Compressing objects:   3% (21/699)        
2024-12-04T06:38:02.8669402Z remote: Compressing objects:   4% (28/699)        
2024-12-04T06:38:02.8669825Z remote: Compressing objects:   5% (35/699)        
2024-12-04T06:38:02.8670267Z remote: Compressing objects:   6% (42/699)        
2024-12-04T06:38:02.8670627Z remote: Compressing objects:   7% (49/699)        
2024-12-04T06:38:02.8671077Z remote: Compressing objects:   8% (56/699)        
2024-12-04T06:38:02.8671539Z remote: Compressing objects:   9% (63/699)        
2024-12-04T06:38:02.8671998Z remote: Compressing objects:  10% (70/699)        
2024-12-04T06:38:02.8672428Z remote: Compressing objects:  11% (77/699)        
2024-12-04T06:38:02.8673060Z remote: Compressing objects:  12% (84/699)        
2024-12-04T06:38:02.8673475Z remote: Compressing objects:  13% (91/699)        
2024-12-04T06:38:02.8673869Z remote: Compressing objects:  14% (98/699)        
2024-12-04T06:38:02.8674352Z remote: Compressing objects:  15% (105/699)        
2024-12-04T06:38:02.8674939Z remote: Compressing objects:  16% (112/699)        
2024-12-04T06:38:02.8675651Z remote: Compressing objects:  17% (119/699)        
2024-12-04T06:38:02.8676490Z remote: Compressing objects:  18% (126/699)        
2024-12-04T06:38:02.8677312Z remote: Compressing objects:  19% (133/699)        
2024-12-04T06:38:02.8677825Z remote: Compressing objects:  20% (140/699)        
2024-12-04T06:38:02.8678208Z remote: Compressing objects:  21% (147/699)        
2024-12-04T06:38:02.8678941Z remote: Compressing objects:  22% (154/699)        
2024-12-04T06:38:02.8679830Z remote: Compressing objects:  23% (161/699)        
2024-12-04T06:38:02.8680870Z remote: Compressing objects:  24% (168/699)        
2024-12-04T06:38:02.8681620Z remote: Compressing objects:  25% (175/699)        
2024-12-04T06:38:02.8682607Z remote: Compressing objects:  26% (182/699)        
2024-12-04T06:38:02.8683684Z remote: Compressing objects:  27% (189/699)        
2024-12-04T06:38:02.8684504Z remote: Compressing objects:  28% (196/699)        
2024-12-04T06:38:02.8685469Z remote: Compressing objects:  29% (203/699)        
2024-12-04T06:38:02.8686162Z remote: Compressing objects:  30% (210/699)        
2024-12-04T06:38:02.8686947Z remote: Compressing objects:  31% (217/699)        
2024-12-04T06:38:02.8687577Z remote: Compressing objects:  32% (224/699)        
2024-12-04T06:38:02.8688319Z remote: Compressing objects:  33% (231/699)        
2024-12-04T06:38:02.8688837Z remote: Compressing objects:  34% (238/699)        
2024-12-04T06:38:02.8689256Z remote: Compressing objects:  35% (245/699)        
2024-12-04T06:38:02.8689921Z remote: Compressing objects:  36% (252/699)        
2024-12-04T06:38:02.8690489Z remote: Compressing objects:  37% (259/699)        
2024-12-04T06:38:02.8690999Z remote: Compressing objects:  38% (266/699)        
2024-12-04T06:38:02.8691399Z remote: Compressing objects:  39% (273/699)        
2024-12-04T06:38:02.8691762Z remote: Compressing objects:  40% (280/699)        
2024-12-04T06:38:02.8692254Z remote: Compressing objects:  41% (287/699)        
2024-12-04T06:38:02.8692647Z remote: Compressing objects:  42% (294/699)        
2024-12-04T06:38:02.8693122Z remote: Compressing objects:  43% (301/699)        
2024-12-04T06:38:02.8693517Z remote: Compressing objects:  44% (308/699)        
2024-12-04T06:38:02.8693944Z remote: Compressing objects:  45% (315/699)        
2024-12-04T06:38:02.8694410Z remote: Compressing objects:  46% (322/699)        
2024-12-04T06:38:02.8694774Z remote: Compressing objects:  47% (329/699)        
2024-12-04T06:38:02.8695468Z remote: Compressing objects:  48% (336/699)        
2024-12-04T06:38:02.8695869Z remote: Compressing objects:  49% (343/699)        
2024-12-04T06:38:02.8696346Z remote: Compressing objects:  50% (350/699)        
2024-12-04T06:38:02.8696764Z remote: Compressing objects:  51% (357/699)        
2024-12-04T06:38:02.8697190Z remote: Compressing objects:  52% (364/699)        
2024-12-04T06:38:02.8697604Z remote: Compressing objects:  53% (371/699)        
2024-12-04T06:38:02.8698000Z remote: Compressing objects:  54% (378/699)        
2024-12-04T06:38:02.8698473Z remote: Compressing objects:  55% (385/699)        
2024-12-04T06:38:02.8698898Z remote: Compressing objects:  56% (392/699)        
2024-12-04T06:38:02.8699352Z remote: Compressing objects:  57% (399/699)        
2024-12-04T06:38:02.8699730Z remote: Compressing objects:  58% (406/699)        
2024-12-04T06:38:02.8700208Z remote: Compressing objects:  59% (413/699)        
2024-12-04T06:38:02.8700604Z remote: Compressing objects:  60% (420/699)        
2024-12-04T06:38:02.8701004Z remote: Compressing objects:  61% (427/699)        
2024-12-04T06:38:02.8701634Z remote: Compressing objects:  62% (434/699)        
2024-12-04T06:38:02.8702036Z remote: Compressing objects:  63% (441/699)        
2024-12-04T06:38:02.8702532Z remote: Compressing objects:  64% (448/699)        
2024-12-04T06:38:02.8702927Z remote: Compressing objects:  65% (455/699)        
2024-12-04T06:38:02.8703292Z remote: Compressing objects:  66% (462/699)        
2024-12-04T06:38:02.8703783Z remote: Compressing objects:  67% (469/699)        
2024-12-04T06:38:02.8704181Z remote: Compressing objects:  68% (476/699)        
2024-12-04T06:38:02.8704620Z remote: Compressing objects:  69% (483/699)        
2024-12-04T06:38:02.8705049Z remote: Compressing objects:  70% (490/699)        
2024-12-04T06:38:02.8705487Z remote: Compressing objects:  71% (497/699)        
2024-12-04T06:38:02.8705950Z remote: Compressing objects:  72% (504/699)        
2024-12-04T06:38:02.8706331Z remote: Compressing objects:  73% (511/699)        
2024-12-04T06:38:02.8706832Z remote: Compressing objects:  74% (518/699)        
2024-12-04T06:38:02.8707253Z remote: Compressing objects:  75% (525/699)        
2024-12-04T06:38:02.8707949Z remote: Compressing objects:  76% (532/699)        
2024-12-04T06:38:02.8708387Z remote: Compressing objects:  77% (539/699)        
2024-12-04T06:38:02.8708877Z remote: Compressing objects:  78% (546/699)        
2024-12-04T06:38:02.8709290Z remote: Compressing objects:  79% (553/699)        
2024-12-04T06:38:02.8709685Z remote: Compressing objects:  80% (560/699)        
2024-12-04T06:38:02.8710192Z remote: Compressing objects:  81% (567/699)        
2024-12-04T06:38:02.8710574Z remote: Compressing objects:  82% (574/699)        
2024-12-04T06:38:02.8711078Z remote: Compressing objects:  83% (581/699)        
2024-12-04T06:38:02.8711462Z remote: Compressing objects:  84% (588/699)        
2024-12-04T06:38:02.8711824Z remote: Compressing objects:  85% (595/699)        
2024-12-04T06:38:02.8712341Z remote: Compressing objects:  86% (602/699)        
2024-12-04T06:38:02.8712722Z remote: Compressing objects:  87% (609/699)        
2024-12-04T06:38:02.8713188Z remote: Compressing objects:  88% (616/699)        
2024-12-04T06:38:02.8713603Z remote: Compressing objects:  89% (623/699)        
2024-12-04T06:38:02.8714142Z remote: Compressing objects:  90% (630/699)        
2024-12-04T06:38:02.8714529Z remote: Compressing objects:  91% (637/699)        
2024-12-04T06:38:02.8715016Z remote: Compressing objects:  92% (644/699)        
2024-12-04T06:38:02.8715412Z remote: Compressing objects:  93% (651/699)        
2024-12-04T06:38:02.8715809Z remote: Compressing objects:  94% (658/699)        
2024-12-04T06:38:02.8716286Z remote: Compressing objects:  95% (665/699)        
2024-12-04T06:38:02.8716682Z remote: Compressing objects:  96% (672/699)        
2024-12-04T06:38:02.8717110Z remote: Compressing objects:  97% (679/699)        
2024-12-04T06:38:02.8717535Z remote: Compressing objects:  98% (686/699)        
2024-12-04T06:38:02.8718072Z remote: Compressing objects:  99% (693/699)        
2024-12-04T06:38:02.8718554Z remote: Compressing objects: 100% (699/699)        
2024-12-04T06:38:02.8719031Z remote: Compressing objects: 100% (699/699), done.        
2024-12-04T06:38:02.8888901Z Receiving objects:   0% (1/1013)
2024-12-04T06:38:02.8889975Z Receiving objects:   1% (11/1013)
2024-12-04T06:38:02.8893432Z Receiving objects:   2% (21/1013)
2024-12-04T06:38:02.8895707Z Receiving objects:   3% (31/1013)
2024-12-04T06:38:02.8896670Z Receiving objects:   4% (41/1013)
2024-12-04T06:38:02.8900144Z Receiving objects:   5% (51/1013)
2024-12-04T06:38:02.8904116Z Receiving objects:   6% (61/1013)
2024-12-04T06:38:02.8905708Z Receiving objects:   7% (71/1013)
2024-12-04T06:38:02.8906298Z Receiving objects:   8% (82/1013)
2024-12-04T06:38:02.8907487Z Receiving objects:   9% (92/1013)
2024-12-04T06:38:02.8909440Z Receiving objects:  10% (102/1013)
2024-12-04T06:38:02.8911572Z Receiving objects:  11% (112/1013)
2024-12-04T06:38:02.8912381Z Receiving objects:  12% (122/1013)
2024-12-04T06:38:02.8912998Z Receiving objects:  13% (132/1013)
2024-12-04T06:38:02.8914105Z Receiving objects:  14% (142/1013)
2024-12-04T06:38:02.8914652Z Receiving objects:  15% (152/1013)
2024-12-04T06:38:02.9059005Z Receiving objects:  16% (163/1013)
2024-12-04T06:38:02.9061012Z Receiving objects:  17% (173/1013)
2024-12-04T06:38:02.9065538Z Receiving objects:  18% (183/1013)
2024-12-04T06:38:02.9068965Z Receiving objects:  19% (193/1013)
2024-12-04T06:38:02.9079070Z Receiving objects:  20% (203/1013)
2024-12-04T06:38:02.9082889Z Receiving objects:  21% (213/1013)
2024-12-04T06:38:02.9232023Z Receiving objects:  22% (223/1013)
2024-12-04T06:38:02.9249621Z Receiving objects:  23% (233/1013)
2024-12-04T06:38:02.9251784Z Receiving objects:  24% (244/1013)
2024-12-04T06:38:02.9252393Z Receiving objects:  25% (254/1013)
2024-12-04T06:38:02.9253264Z Receiving objects:  26% (264/1013)
2024-12-04T06:38:02.9253869Z Receiving objects:  27% (274/1013)
2024-12-04T06:38:02.9261936Z Receiving objects:  28% (284/1013)
2024-12-04T06:38:02.9264289Z Receiving objects:  29% (294/1013)
2024-12-04T06:38:02.9267311Z Receiving objects:  30% (304/1013)
2024-12-04T06:38:02.9268315Z Receiving objects:  31% (315/1013)
2024-12-04T06:38:02.9271094Z Receiving objects:  32% (325/1013)
2024-12-04T06:38:02.9271826Z Receiving objects:  33% (335/1013)
2024-12-04T06:38:02.9274397Z Receiving objects:  34% (345/1013)
2024-12-04T06:38:02.9299926Z Receiving objects:  35% (355/1013)
2024-12-04T06:38:02.9301848Z Receiving objects:  36% (365/1013)
2024-12-04T06:38:02.9303423Z Receiving objects:  37% (375/1013)
2024-12-04T06:38:02.9305441Z Receiving objects:  38% (385/1013)
2024-12-04T06:38:02.9306178Z Receiving objects:  39% (396/1013)
2024-12-04T06:38:02.9306809Z Receiving objects:  40% (406/1013)
2024-12-04T06:38:02.9308543Z Receiving objects:  41% (416/1013)
2024-12-04T06:38:02.9311263Z Receiving objects:  42% (426/1013)
2024-12-04T06:38:02.9312123Z Receiving objects:  43% (436/1013)
2024-12-04T06:38:02.9312733Z Receiving objects:  44% (446/1013)
2024-12-04T06:38:02.9319053Z Receiving objects:  45% (456/1013)
2024-12-04T06:38:02.9444718Z Receiving objects:  46% (466/1013)
2024-12-04T06:38:02.9469845Z Receiving objects:  47% (477/1013)
2024-12-04T06:38:02.9470830Z Receiving objects:  48% (487/1013)
2024-12-04T06:38:02.9473430Z Receiving objects:  49% (497/1013)
2024-12-04T06:38:02.9478582Z Receiving objects:  50% (507/1013)
2024-12-04T06:38:02.9518437Z Receiving objects:  51% (517/1013)
2024-12-04T06:38:02.9523040Z Receiving objects:  52% (527/1013)
2024-12-04T06:38:02.9525454Z Receiving objects:  53% (537/1013)
2024-12-04T06:38:02.9533220Z Receiving objects:  54% (548/1013)
2024-12-04T06:38:02.9536048Z Receiving objects:  55% (558/1013)
2024-12-04T06:38:02.9538014Z Receiving objects:  56% (568/1013)
2024-12-04T06:38:02.9539588Z Receiving objects:  57% (578/1013)
2024-12-04T06:38:02.9551083Z Receiving objects:  58% (588/1013)
2024-12-04T06:38:02.9554650Z Receiving objects:  59% (598/1013)
2024-12-04T06:38:02.9555786Z Receiving objects:  60% (608/1013)
2024-12-04T06:38:02.9558462Z Receiving objects:  61% (618/1013)
2024-12-04T06:38:02.9561388Z Receiving objects:  62% (629/1013)
2024-12-04T06:38:02.9610181Z Receiving objects:  63% (639/1013)
2024-12-04T06:38:02.9610916Z Receiving objects:  64% (649/1013)
2024-12-04T06:38:02.9612405Z Receiving objects:  65% (659/1013)
2024-12-04T06:38:02.9613813Z Receiving objects:  66% (669/1013)
2024-12-04T06:38:02.9636711Z Receiving objects:  67% (679/1013)
2024-12-04T06:38:02.9638776Z Receiving objects:  68% (689/1013)
2024-12-04T06:38:02.9639639Z Receiving objects:  69% (699/1013)
2024-12-04T06:38:02.9640217Z Receiving objects:  70% (710/1013)
2024-12-04T06:38:02.9642483Z Receiving objects:  71% (720/1013)
2024-12-04T06:38:02.9643626Z Receiving objects:  72% (730/1013)
2024-12-04T06:38:02.9644191Z Receiving objects:  73% (740/1013)
2024-12-04T06:38:02.9645432Z Receiving objects:  74% (750/1013)
2024-12-04T06:38:02.9646040Z Receiving objects:  75% (760/1013)
2024-12-04T06:38:02.9647261Z Receiving objects:  76% (770/1013)
2024-12-04T06:38:02.9647857Z Receiving objects:  77% (781/1013)
2024-12-04T06:38:02.9649169Z Receiving objects:  78% (791/1013)
2024-12-04T06:38:02.9650339Z Receiving objects:  79% (801/1013)
2024-12-04T06:38:02.9652506Z Receiving objects:  80% (811/1013)
2024-12-04T06:38:02.9662693Z Receiving objects:  81% (821/1013)
2024-12-04T06:38:02.9663556Z Receiving objects:  82% (831/1013)
2024-12-04T06:38:02.9665671Z Receiving objects:  83% (841/1013)
2024-12-04T06:38:02.9672038Z Receiving objects:  84% (851/1013)
2024-12-04T06:38:02.9723828Z Receiving objects:  85% (862/1013)
2024-12-04T06:38:02.9983160Z Receiving objects:  86% (872/1013)
2024-12-04T06:38:02.9984137Z Receiving objects:  87% (882/1013)
2024-12-04T06:38:02.9989216Z Receiving objects:  88% (892/1013)
2024-12-04T06:38:02.9992477Z remote: Total 1013 (delta 254), reused 1002 (delta 250), pack-reused 0 (from 0)        
2024-12-04T06:38:02.9993496Z Receiving objects:  89% (902/1013)
2024-12-04T06:38:02.9994114Z Receiving objects:  90% (912/1013)
2024-12-04T06:38:02.9994645Z Receiving objects:  91% (922/1013)
2024-12-04T06:38:03.0000548Z Receiving objects:  92% (932/1013)
2024-12-04T06:38:03.0004092Z Receiving objects:  93% (943/1013)
2024-12-04T06:38:03.0006109Z Receiving objects:  94% (953/1013)
2024-12-04T06:38:03.0006709Z Receiving objects:  95% (963/1013)
2024-12-04T06:38:03.0007210Z Receiving objects:  96% (973/1013)
2024-12-04T06:38:03.0008051Z Receiving objects:  97% (983/1013)
2024-12-04T06:38:03.0009320Z Receiving objects:  98% (993/1013)
2024-12-04T06:38:03.0010512Z Receiving objects:  99% (1003/1013)
2024-12-04T06:38:03.0011214Z Receiving objects: 100% (1013/1013)
2024-12-04T06:38:03.0011943Z Receiving objects: 100% (1013/1013), 2.40 MiB | 21.39 MiB/s, done.
2024-12-04T06:38:03.0021581Z Resolving deltas:   0% (0/254)
2024-12-04T06:38:03.0022293Z Resolving deltas:   1% (3/254)
2024-12-04T06:38:03.0022909Z Resolving deltas:   2% (6/254)
2024-12-04T06:38:03.0023487Z Resolving deltas:   3% (8/254)
2024-12-04T06:38:03.0024242Z Resolving deltas:   4% (11/254)
2024-12-04T06:38:03.0024901Z Resolving deltas:   5% (13/254)
2024-12-04T06:38:03.0025594Z Resolving deltas:   6% (16/254)
2024-12-04T06:38:03.0026162Z Resolving deltas:   7% (18/254)
2024-12-04T06:38:03.0026926Z Resolving deltas:   8% (22/254)
2024-12-04T06:38:03.0027510Z Resolving deltas:   9% (23/254)
2024-12-04T06:38:03.0028322Z Resolving deltas:  10% (26/254)
2024-12-04T06:38:03.0029036Z Resolving deltas:  11% (28/254)
2024-12-04T06:38:03.0029621Z Resolving deltas:  12% (31/254)
2024-12-04T06:38:03.0030325Z Resolving deltas:  13% (34/254)
2024-12-04T06:38:03.0030913Z Resolving deltas:  14% (36/254)
2024-12-04T06:38:03.0031407Z Resolving deltas:  15% (39/254)
2024-12-04T06:38:03.0032181Z Resolving deltas:  16% (41/254)
2024-12-04T06:38:03.0032743Z Resolving deltas:  17% (44/254)
2024-12-04T06:38:03.0033474Z Resolving deltas:  18% (46/254)
2024-12-04T06:38:03.0034019Z Resolving deltas:  19% (49/254)
2024-12-04T06:38:03.0034608Z Resolving deltas:  20% (51/254)
2024-12-04T06:38:03.0035490Z Resolving deltas:  21% (54/254)
2024-12-04T06:38:03.0036062Z Resolving deltas:  22% (56/254)
2024-12-04T06:38:03.0036780Z Resolving deltas:  23% (59/254)
2024-12-04T06:38:03.0037372Z Resolving deltas:  24% (61/254)
2024-12-04T06:38:03.0038112Z Resolving deltas:  25% (64/254)
2024-12-04T06:38:03.0038705Z Resolving deltas:  26% (67/254)
2024-12-04T06:38:03.0039419Z Resolving deltas:  27% (69/254)
2024-12-04T06:38:03.0039953Z Resolving deltas:  28% (72/254)
2024-12-04T06:38:03.0040465Z Resolving deltas:  29% (74/254)
2024-12-04T06:38:03.0041134Z Resolving deltas:  30% (77/254)
2024-12-04T06:38:03.0041679Z Resolving deltas:  31% (79/254)
2024-12-04T06:38:03.0042353Z Resolving deltas:  32% (82/254)
2024-12-04T06:38:03.0042871Z Resolving deltas:  33% (84/254)
2024-12-04T06:38:03.0043381Z Resolving deltas:  34% (87/254)
2024-12-04T06:38:03.0044039Z Resolving deltas:  35% (89/254)
2024-12-04T06:38:03.0044565Z Resolving deltas:  36% (92/254)
2024-12-04T06:38:03.0045282Z Resolving deltas:  37% (94/254)
2024-12-04T06:38:03.0048693Z Resolving deltas:  38% (97/254)
2024-12-04T06:38:03.0049618Z Resolving deltas:  39% (100/254)
2024-12-04T06:38:03.0056261Z Resolving deltas:  40% (102/254)
2024-12-04T06:38:03.0056845Z Resolving deltas:  41% (105/254)
2024-12-04T06:38:03.0057536Z Resolving deltas:  42% (107/254)
2024-12-04T06:38:03.0058126Z Resolving deltas:  43% (110/254)
2024-12-04T06:38:03.0058724Z Resolving deltas:  44% (112/254)
2024-12-04T06:38:03.0059235Z Resolving deltas:  45% (115/254)
2024-12-04T06:38:03.0059882Z Resolving deltas:  46% (117/254)
2024-12-04T06:38:03.0060409Z Resolving deltas:  47% (120/254)
2024-12-04T06:38:03.0060969Z Resolving deltas:  48% (122/254)
2024-12-04T06:38:03.0061599Z Resolving deltas:  49% (125/254)
2024-12-04T06:38:03.0062140Z Resolving deltas:  50% (127/254)
2024-12-04T06:38:03.0062800Z Resolving deltas:  51% (130/254)
2024-12-04T06:38:03.0070938Z Resolving deltas:  52% (133/254)
2024-12-04T06:38:03.0071674Z Resolving deltas:  53% (135/254)
2024-12-04T06:38:03.0073458Z Resolving deltas:  54% (139/254)
2024-12-04T06:38:03.0074022Z Resolving deltas:  55% (140/254)
2024-12-04T06:38:03.0077857Z Resolving deltas:  56% (143/254)
2024-12-04T06:38:03.0078449Z Resolving deltas:  57% (145/254)
2024-12-04T06:38:03.0081062Z Resolving deltas:  58% (148/254)
2024-12-04T06:38:03.0082635Z Resolving deltas:  59% (150/254)
2024-12-04T06:38:03.0084199Z Resolving deltas:  60% (153/254)
2024-12-04T06:38:03.0084777Z Resolving deltas:  61% (155/254)
2024-12-04T06:38:03.0085332Z Resolving deltas:  62% (158/254)
2024-12-04T06:38:03.0085993Z Resolving deltas:  63% (161/254)
2024-12-04T06:38:03.0086473Z Resolving deltas:  64% (163/254)
2024-12-04T06:38:03.0086927Z Resolving deltas:  65% (166/254)
2024-12-04T06:38:03.0087262Z Resolving deltas:  66% (168/254)
2024-12-04T06:38:03.0087686Z Resolving deltas:  67% (171/254)
2024-12-04T06:38:03.0088024Z Resolving deltas:  68% (174/254)
2024-12-04T06:38:03.0088350Z Resolving deltas:  69% (176/254)
2024-12-04T06:38:03.0088776Z Resolving deltas:  70% (178/254)
2024-12-04T06:38:03.0089099Z Resolving deltas:  71% (181/254)
2024-12-04T06:38:03.0089479Z Resolving deltas:  72% (183/254)
2024-12-04T06:38:03.0089837Z Resolving deltas:  73% (186/254)
2024-12-04T06:38:03.0101164Z Resolving deltas:  74% (188/254)
2024-12-04T06:38:03.0103201Z Resolving deltas:  75% (191/254)
2024-12-04T06:38:03.0103853Z Resolving deltas:  76% (194/254)
2024-12-04T06:38:03.0104848Z Resolving deltas:  77% (196/254)
2024-12-04T06:38:03.0105459Z Resolving deltas:  78% (199/254)
2024-12-04T06:38:03.0106270Z Resolving deltas:  79% (201/254)
2024-12-04T06:38:03.0107013Z Resolving deltas:  80% (204/254)
2024-12-04T06:38:03.0107873Z Resolving deltas:  81% (206/254)
2024-12-04T06:38:03.0108696Z Resolving deltas:  82% (209/254)
2024-12-04T06:38:03.0109315Z Resolving deltas:  83% (211/254)
2024-12-04T06:38:03.0110129Z Resolving deltas:  84% (214/254)
2024-12-04T06:38:03.0110748Z Resolving deltas:  85% (216/254)
2024-12-04T06:38:03.0111367Z Resolving deltas:  86% (219/254)
2024-12-04T06:38:03.0112448Z Resolving deltas:  87% (221/254)
2024-12-04T06:38:03.0113055Z Resolving deltas:  88% (224/254)
2024-12-04T06:38:03.0113722Z Resolving deltas:  89% (227/254)
2024-12-04T06:38:03.0114206Z Resolving deltas:  90% (229/254)
2024-12-04T06:38:03.0114925Z Resolving deltas:  91% (232/254)
2024-12-04T06:38:03.0115487Z Resolving deltas:  92% (234/254)
2024-12-04T06:38:03.0115821Z Resolving deltas:  93% (237/254)
2024-12-04T06:38:03.0116508Z Resolving deltas:  94% (239/254)
2024-12-04T06:38:03.0117108Z Resolving deltas:  95% (242/254)
2024-12-04T06:38:03.0117788Z Resolving deltas:  96% (244/254)
2024-12-04T06:38:03.0118395Z Resolving deltas:  97% (247/254)
2024-12-04T06:38:03.0119119Z Resolving deltas:  98% (249/254)
2024-12-04T06:38:03.0119758Z Resolving deltas:  99% (252/254)
2024-12-04T06:38:03.0120255Z Resolving deltas: 100% (254/254)
2024-12-04T06:38:03.0120814Z Resolving deltas: 100% (254/254), done.
2024-12-04T06:38:03.0230927Z From https://github.com/shareefm0/enpm818-final-phase-6
2024-12-04T06:38:03.0231990Z  * [new ref]         73cdadab1828cac9c6cb04a8dbfdb49fb1472015 -> origin/main
2024-12-04T06:38:03.0264677Z ##[endgroup]
2024-12-04T06:38:03.0265593Z ##[group]Determining the checkout info
2024-12-04T06:38:03.0267168Z ##[endgroup]
2024-12-04T06:38:03.0268469Z ##[group]Checking out the ref
2024-12-04T06:38:03.0272464Z [command]/usr/bin/git checkout --progress --force -B main refs/remotes/origin/main
2024-12-04T06:38:03.1000192Z Switched to a new branch 'main'
2024-12-04T06:38:03.1002151Z branch 'main' set up to track 'origin/main'.
2024-12-04T06:38:03.1011307Z ##[endgroup]
2024-12-04T06:38:03.1049390Z [command]/usr/bin/git log -1 --format='%H'
2024-12-04T06:38:03.1074584Z '73cdadab1828cac9c6cb04a8dbfdb49fb1472015'
2024-12-04T06:38:03.1313369Z Prepare all required actions
2024-12-04T06:38:03.1314045Z Getting action download info
2024-12-04T06:38:03.3195684Z Download action repository 'azure/setup-helm@v4.2.0' (SHA:fe7b79cd5ee1e45176fcad797de68ecaf3ca4814)
2024-12-04T06:38:03.6324893Z Download action repository 'actions/setup-python@v4' (SHA:65d7f2d534ac1bc67fcd62888c5f4f3d2cb2b236)
2024-12-04T06:38:03.7001909Z Download action repository 'helm/chart-testing-action@v2.6.0' (SHA:b43128a8b25298e1e7b043b78ea6613844e079b1)
2024-12-04T06:38:04.0123956Z Download action repository 'helm/kind-action@v1.8.0' (SHA:dda0770415bac9fc20092cacbc54aa298604d140)
2024-12-04T06:38:04.3209110Z Getting action download info
2024-12-04T06:38:04.4578738Z Download action repository 'sigstore/cosign-installer@11086d25041f77fe8fe7b9ea4e48e3b9192b8f19' (SHA:11086d25041f77fe8fe7b9ea4e48e3b9192b8f19)
2024-12-04T06:38:04.7854503Z ##[group]Run ./.github/actions/setup
2024-12-04T06:38:04.7854881Z with:
2024-12-04T06:38:04.7855400Z   create-kind-cluster: false
2024-12-04T06:38:04.7855849Z   helm-version: v3.9.4
2024-12-04T06:38:04.7856166Z ##[endgroup]
2024-12-04T06:38:04.7958416Z ##[group]Run azure/setup-helm@v4.2.0
2024-12-04T06:38:04.7958857Z with:
2024-12-04T06:38:04.7959200Z   version: v3.9.4
2024-12-04T06:38:04.7959617Z   token: ***
2024-12-04T06:38:04.7960065Z   downloadBaseURL: https://get.helm.sh
2024-12-04T06:38:04.7960427Z ##[endgroup]
2024-12-04T06:38:04.8707505Z ##[group]Downloading v3.9.4
2024-12-04T06:38:05.1021115Z [command]/usr/bin/tar xz --warning=no-unknown-keyword --overwrite -C /home/runner/work/_temp/17dff95a-167f-42fe-8f89-996db699edef -f /home/runner/work/_temp/b7f91a67-6218-4943-a7b7-34364f28fbae
2024-12-04T06:38:05.4430220Z ##[endgroup]
2024-12-04T06:38:05.4433168Z Helm tool version 'v3.9.4' has been cached at /opt/hostedtoolcache/helm/3.9.4/x64/linux-amd64/helm
2024-12-04T06:38:05.4575557Z ##[group]Run actions/setup-python@v4
2024-12-04T06:38:05.4575919Z with:
2024-12-04T06:38:05.4576298Z   python-version: 3.8
2024-12-04T06:38:05.4576659Z   check-latest: false
2024-12-04T06:38:05.4577147Z   token: ***
2024-12-04T06:38:05.4577495Z   update-environment: true
2024-12-04T06:38:05.4577813Z   allow-prereleases: false
2024-12-04T06:38:05.4578225Z ##[endgroup]
2024-12-04T06:38:05.5831782Z ##[group]Installed versions
2024-12-04T06:38:05.5895369Z Successfully set up CPython (3.8.18)
2024-12-04T06:38:05.5896682Z ##[endgroup]
2024-12-04T06:38:05.6000622Z ##[group]Run helm/chart-testing-action@v2.6.0
2024-12-04T06:38:05.6001069Z with:
2024-12-04T06:38:05.6001407Z   version: 3.10.0
2024-12-04T06:38:05.6001687Z   yamllint_version: 1.27.1
2024-12-04T06:38:05.6002111Z   yamale_version: 3.0.4
2024-12-04T06:38:05.6002419Z env:
2024-12-04T06:38:05.6002822Z   pythonLocation: /opt/hostedtoolcache/Python/3.8.18/x64
2024-12-04T06:38:05.6003399Z   PKG_CONFIG_PATH: /opt/hostedtoolcache/Python/3.8.18/x64/lib/pkgconfig
2024-12-04T06:38:05.6003968Z   Python_ROOT_DIR: /opt/hostedtoolcache/Python/3.8.18/x64
2024-12-04T06:38:05.6004486Z   Python2_ROOT_DIR: /opt/hostedtoolcache/Python/3.8.18/x64
2024-12-04T06:38:05.6004970Z   Python3_ROOT_DIR: /opt/hostedtoolcache/Python/3.8.18/x64
2024-12-04T06:38:05.6005533Z   LD_LIBRARY_PATH: /opt/hostedtoolcache/Python/3.8.18/x64/lib
2024-12-04T06:38:05.6005965Z ##[endgroup]
2024-12-04T06:38:05.6109027Z ##[group]Run sigstore/cosign-installer@11086d25041f77fe8fe7b9ea4e48e3b9192b8f19
2024-12-04T06:38:05.6109660Z with:
2024-12-04T06:38:05.6110165Z   cosign-release: v2.2.0
2024-12-04T06:38:05.6110567Z   install-dir: $HOME/.cosign
2024-12-04T06:38:05.6110950Z   use-sudo: false
2024-12-04T06:38:05.6111292Z env:
2024-12-04T06:38:05.6111719Z   pythonLocation: /opt/hostedtoolcache/Python/3.8.18/x64
2024-12-04T06:38:05.6112299Z   PKG_CONFIG_PATH: /opt/hostedtoolcache/Python/3.8.18/x64/lib/pkgconfig
2024-12-04T06:38:05.6112861Z   Python_ROOT_DIR: /opt/hostedtoolcache/Python/3.8.18/x64
2024-12-04T06:38:05.6113350Z   Python2_ROOT_DIR: /opt/hostedtoolcache/Python/3.8.18/x64
2024-12-04T06:38:05.6114116Z   Python3_ROOT_DIR: /opt/hostedtoolcache/Python/3.8.18/x64
2024-12-04T06:38:05.6114653Z   LD_LIBRARY_PATH: /opt/hostedtoolcache/Python/3.8.18/x64/lib
2024-12-04T06:38:05.6115107Z ##[endgroup]
2024-12-04T06:38:05.6177012Z ##[group]Run #!/bin/bash
2024-12-04T06:38:05.6178138Z [36;1m#!/bin/bash[0m
2024-12-04T06:38:05.6178607Z [36;1m# cosign install script[0m
2024-12-04T06:38:05.6178993Z [36;1mshopt -s expand_aliases[0m
2024-12-04T06:38:05.6179460Z [36;1mif [ -z "$NO_COLOR" ]; then[0m
2024-12-04T06:38:05.6179900Z [36;1m  alias log_info="echo -e \"\033[1;32mINFO\033[0m:\""[0m
2024-12-04T06:38:05.6180408Z [36;1m  alias log_error="echo -e \"\033[1;31mERROR\033[0m:\""[0m
2024-12-04T06:38:05.6180939Z [36;1melse[0m
2024-12-04T06:38:05.6181245Z [36;1m  alias log_info="echo \"INFO:\""[0m
2024-12-04T06:38:05.6181738Z [36;1m  alias log_error="echo \"ERROR:\""[0m
2024-12-04T06:38:05.6182099Z [36;1mfi[0m
2024-12-04T06:38:05.6182417Z [36;1mset -e[0m
2024-12-04T06:38:05.6182759Z [36;1m[0m
2024-12-04T06:38:05.6183037Z [36;1mmkdir -p $HOME/.cosign[0m
2024-12-04T06:38:05.6183464Z [36;1m[0m
2024-12-04T06:38:05.6183779Z [36;1mif [[ v2.2.0 == "main" ]]; then[0m
2024-12-04T06:38:05.6184313Z [36;1m  log_info "installing cosign via 'go install' from its main version"[0m
2024-12-04T06:38:05.6184784Z [36;1m  GOBIN=$(go env GOPATH)/bin[0m
2024-12-04T06:38:05.6185305Z [36;1m  go install github.com/sigstore/cosign/cmd/cosign@main[0m
2024-12-04T06:38:05.6185790Z [36;1m  ln -s $GOBIN/cosign $HOME/.cosign/cosign[0m
2024-12-04T06:38:05.6186191Z [36;1m  exit 0[0m
2024-12-04T06:38:05.6186548Z [36;1mfi[0m
2024-12-04T06:38:05.6186811Z [36;1m[0m
2024-12-04T06:38:05.6187186Z [36;1mshaprog() {[0m
2024-12-04T06:38:05.6187487Z [36;1m  case Linux in[0m
2024-12-04T06:38:05.6188084Z [36;1m    Linux)[0m
2024-12-04T06:38:05.6188546Z [36;1m      sha256sum $1 | cut -d' ' -f1[0m
2024-12-04T06:38:05.6188926Z [36;1m      ;;[0m
2024-12-04T06:38:05.6189263Z [36;1m    macOS)[0m
2024-12-04T06:38:05.6189650Z [36;1m      shasum -a256 $1 | cut -d' ' -f1[0m
2024-12-04T06:38:05.6190056Z [36;1m      ;;[0m
2024-12-04T06:38:05.6190351Z [36;1m    Windows)[0m
2024-12-04T06:38:05.6190927Z [36;1m      powershell -command "(Get-FileHash $1 -Algorithm SHA256 | Select-Object -ExpandProperty Hash).ToLower()"[0m
2024-12-04T06:38:05.6191564Z [36;1m      ;;[0m
2024-12-04T06:38:05.6191880Z [36;1m    *)[0m
2024-12-04T06:38:05.6192251Z [36;1m      log_error "unsupported OS Linux"[0m
2024-12-04T06:38:05.6192631Z [36;1m      exit 1[0m
2024-12-04T06:38:05.6192993Z [36;1m      ;;[0m
2024-12-04T06:38:05.6193313Z [36;1m  esac[0m
2024-12-04T06:38:05.6193581Z [36;1m}[0m
2024-12-04T06:38:05.6193959Z [36;1m[0m
2024-12-04T06:38:05.6194235Z [36;1mbootstrap_version='v2.2.0'[0m
2024-12-04T06:38:05.6194888Z [36;1mbootstrap_linux_amd64_sha='5e4791fb7a5efaaa98da651534789ec985ce8ac9c31910a810fc249f86ba2ef9'[0m
2024-12-04T06:38:05.6195631Z [36;1mbootstrap_linux_arm_sha='9be68975086667e124fea658c5e931629b36a9336f4fe85cb9e662e6b8b42c6f'[0m
2024-12-04T06:38:05.6196327Z [36;1mbootstrap_linux_arm64_sha='5adbb7b1d38ac19a15c6bd9a61725baa16f61e23611534eb5e6d377dc024e102'[0m
2024-12-04T06:38:05.6197222Z [36;1mbootstrap_darwin_amd64_sha='a2eea673456929a3f3809b492691183d9af0ea4216ac07410290bff76494cba4'[0m
2024-12-04T06:38:05.6197931Z [36;1mbootstrap_darwin_arm64_sha='b4d323090efb98eded011ef17fe8228194eed8912f8e205361aaec8e6e6d044a'[0m
2024-12-04T06:38:05.6199040Z [36;1mbootstrap_windows_amd64_sha='d154ecec14fa33dc488a41f7cfd2063c99de40837f60f0af850d4f11355be6f0'[0m
2024-12-04T06:38:05.6199605Z [36;1mcosign_executable_name=cosign[0m
2024-12-04T06:38:05.6200008Z [36;1m[0m
2024-12-04T06:38:05.6200339Z [36;1mtrap "popd >/dev/null" EXIT[0m
2024-12-04T06:38:05.6200677Z [36;1m[0m
2024-12-04T06:38:05.6201085Z [36;1mpushd $HOME/.cosign > /dev/null[0m
2024-12-04T06:38:05.6201438Z [36;1m[0m
2024-12-04T06:38:05.6201776Z [36;1mcase Linux in[0m
2024-12-04T06:38:05.6202106Z [36;1m  Linux)[0m
2024-12-04T06:38:05.6202478Z [36;1m    case X64 in[0m
2024-12-04T06:38:05.6202954Z [36;1m      X64)[0m
2024-12-04T06:38:05.6203362Z [36;1m        bootstrap_filename='cosign-linux-amd64'[0m
2024-12-04T06:38:05.6203893Z [36;1m        bootstrap_sha=${bootstrap_linux_amd64_sha}[0m
2024-12-04T06:38:05.6204349Z [36;1m        desired_cosign_filename='cosign-linux-amd64'[0m
2024-12-04T06:38:05.6204948Z [36;1m        # v0.6.0 had different filename structures from all other releases[0m
2024-12-04T06:38:05.6205432Z [36;1m        if [[ v2.2.0 == 'v0.6.0' ]]; then[0m
2024-12-04T06:38:05.6205961Z [36;1m          desired_cosign_filename='cosign_linux_amd64_0.6.0_linux_amd64'[0m
2024-12-04T06:38:05.6206546Z [36;1m          desired_cosign_v060_signature='cosign_linux_amd64_0.6.0_linux_amd64.sig'[0m
2024-12-04T06:38:05.6207009Z [36;1m        fi[0m
2024-12-04T06:38:05.6207410Z [36;1m        ;;[0m
2024-12-04T06:38:05.6207683Z [36;1m[0m
2024-12-04T06:38:05.6207992Z [36;1m      ARM)[0m
2024-12-04T06:38:05.6208378Z [36;1m        bootstrap_filename='cosign-linux-arm'[0m
2024-12-04T06:38:05.6208779Z [36;1m        bootstrap_sha=${bootstrap_linux_arm_sha}[0m
2024-12-04T06:38:05.6209333Z [36;1m        desired_cosign_filename='cosign-linux-arm'[0m
2024-12-04T06:38:05.6209724Z [36;1m        if [[ v2.2.0 == 'v0.6.0' ]]; then[0m
2024-12-04T06:38:05.6210215Z [36;1m          log_error "linux-arm build not available at v0.6.0"[0m
2024-12-04T06:38:05.6210641Z [36;1m          exit 1[0m
2024-12-04T06:38:05.6211000Z [36;1m        fi[0m
2024-12-04T06:38:05.6211341Z [36;1m        ;;[0m
2024-12-04T06:38:05.6211597Z [36;1m[0m
2024-12-04T06:38:05.6211953Z [36;1m      ARM64)[0m
2024-12-04T06:38:05.6212325Z [36;1m        bootstrap_filename='cosign-linux-arm64'[0m
2024-12-04T06:38:05.6212830Z [36;1m        bootstrap_sha=${bootstrap_linux_arm64_sha}[0m
2024-12-04T06:38:05.6213255Z [36;1m        desired_cosign_filename='cosign-linux-arm64'[0m
2024-12-04T06:38:05.6213746Z [36;1m        if [[ v2.2.0 == 'v0.6.0' ]]; then[0m
2024-12-04T06:38:05.6214192Z [36;1m          log_error "linux-arm64 build not available at v0.6.0"[0m
2024-12-04T06:38:05.6214651Z [36;1m          exit 1[0m
2024-12-04T06:38:05.6215031Z [36;1m        fi[0m
2024-12-04T06:38:05.6215324Z [36;1m        ;;[0m
2024-12-04T06:38:05.6215708Z [36;1m[0m
2024-12-04T06:38:05.6215971Z [36;1m      *)[0m
2024-12-04T06:38:05.6216303Z [36;1m        log_error "unsupported architecture $arch"[0m
2024-12-04T06:38:05.6216803Z [36;1m        exit 1[0m
2024-12-04T06:38:05.6217110Z [36;1m        ;;[0m
2024-12-04T06:38:05.6217449Z [36;1m    esac[0m
2024-12-04T06:38:05.6217786Z [36;1m    ;;[0m
2024-12-04T06:38:05.6218105Z [36;1m[0m
2024-12-04T06:38:05.6218380Z [36;1m  macOS)[0m
2024-12-04T06:38:05.6218689Z [36;1m    case X64 in[0m
2024-12-04T06:38:05.6219069Z [36;1m      X64)[0m
2024-12-04T06:38:05.6219416Z [36;1m        bootstrap_filename='cosign-darwin-amd64'[0m
2024-12-04T06:38:05.6219951Z [36;1m        bootstrap_sha=${bootstrap_darwin_amd64_sha}[0m
2024-12-04T06:38:05.6220409Z [36;1m        desired_cosign_filename='cosign-darwin-amd64'[0m
2024-12-04T06:38:05.6220982Z [36;1m        # v0.6.0 had different filename structures from all other releases[0m
2024-12-04T06:38:05.6221468Z [36;1m        if [[ v2.2.0 == 'v0.6.0' ]]; then[0m
2024-12-04T06:38:05.6221927Z [36;1m          desired_cosign_filename='cosign_darwin_amd64_0.6.0_darwin_amd64'[0m
2024-12-04T06:38:05.6222605Z [36;1m          desired_cosign_v060_signature='cosign_darwin_amd64_0.6.0_darwin_amd64.sig'[0m
2024-12-04T06:38:05.6223212Z [36;1m        fi[0m
2024-12-04T06:38:05.6223618Z [36;1m        ;;[0m
2024-12-04T06:38:05.6223897Z [36;1m[0m
2024-12-04T06:38:05.6224145Z [36;1m      ARM64)[0m
2024-12-04T06:38:05.6224620Z [36;1m        bootstrap_filename='cosign-darwin-arm64'[0m
2024-12-04T06:38:05.6225045Z [36;1m        bootstrap_sha=${bootstrap_darwin_arm64_sha}[0m
2024-12-04T06:38:05.6225590Z [36;1m        desired_cosign_filename='cosign-darwin-arm64'[0m
2024-12-04T06:38:05.6226195Z [36;1m        # v0.6.0 had different filename structures from all other releases[0m
2024-12-04T06:38:05.6226723Z [36;1m        if [[ v2.2.0 == 'v0.6.0' ]]; then[0m
2024-12-04T06:38:05.6227216Z [36;1m          desired_cosign_filename='cosign_darwin_arm64_0.6.0_darwin_arm64'[0m
2024-12-04T06:38:05.6228514Z [36;1m          desired_cosign_v060_signature='cosign_darwin_arm64_0.6.0_darwin_arm64.sig'[0m
2024-12-04T06:38:05.6229148Z [36;1m        fi[0m
2024-12-04T06:38:05.6229471Z [36;1m        ;;[0m
2024-12-04T06:38:05.6229815Z [36;1m[0m
2024-12-04T06:38:05.6230124Z [36;1m      *)[0m
2024-12-04T06:38:05.6230510Z [36;1m        log_error "unsupported architecture $arch"[0m
2024-12-04T06:38:05.6230927Z [36;1m        exit 1[0m
2024-12-04T06:38:05.6231252Z [36;1m        ;;[0m
2024-12-04T06:38:05.6231609Z [36;1m    esac[0m
2024-12-04T06:38:05.6231897Z [36;1m    ;;[0m
2024-12-04T06:38:05.6232263Z [36;1m[0m
2024-12-04T06:38:05.6232540Z [36;1m  Windows)[0m
2024-12-04T06:38:05.6232805Z [36;1m    case X64 in[0m
2024-12-04T06:38:05.6233233Z [36;1m      X64)[0m
2024-12-04T06:38:05.6233577Z [36;1m        bootstrap_filename='cosign-windows-amd64.exe'[0m
2024-12-04T06:38:05.6234166Z [36;1m        bootstrap_sha=${bootstrap_windows_amd64_sha}[0m
2024-12-04T06:38:05.6234617Z [36;1m        desired_cosign_filename='cosign-windows-amd64.exe'[0m
2024-12-04T06:38:05.6235092Z [36;1m        cosign_executable_name=cosign.exe[0m
2024-12-04T06:38:05.6235620Z [36;1m        # v0.6.0 had different filename structures from all other releases[0m
2024-12-04T06:38:05.6236628Z [36;1m        if [[ v2.2.0 == 'v0.6.0' ]]; then[0m
2024-12-04T06:38:05.6357077Z [36;1m          desired_cosign_filename='cosign_windows_amd64_0.6.0_windows_amd64.exe'[0m
2024-12-04T06:38:05.6357660Z [36;1m          desired_cosign_v060_signature='cosign_windows_amd64_0.6.0_windows_amd64.exe.sig'[0m
2024-12-04T06:38:05.6358065Z [36;1m        fi[0m
2024-12-04T06:38:05.6358274Z [36;1m        ;;[0m
2024-12-04T06:38:05.6358509Z [36;1m      *)[0m
2024-12-04T06:38:05.6358785Z [36;1m        log_error "unsupported architecture $arch"[0m
2024-12-04T06:38:05.6359089Z [36;1m        exit 1[0m
2024-12-04T06:38:05.6359295Z [36;1m        ;;[0m
2024-12-04T06:38:05.6359495Z [36;1m    esac[0m
2024-12-04T06:38:05.6359688Z [36;1m    ;;[0m
2024-12-04T06:38:05.6359873Z [36;1m  *)[0m
2024-12-04T06:38:05.6360109Z [36;1m    log_error "unsupported architecture $arch"[0m
2024-12-04T06:38:05.6360402Z [36;1m    exit 1[0m
2024-12-04T06:38:05.6360595Z [36;1m    ;;[0m
2024-12-04T06:38:05.6360780Z [36;1mesac[0m
2024-12-04T06:38:05.6360966Z [36;1m[0m
2024-12-04T06:38:05.6361144Z [36;1mSUDO=[0m
2024-12-04T06:38:05.6361408Z [36;1mif [[ "false" == "true" ]] && command -v sudo >/dev/null; then[0m
2024-12-04T06:38:05.6361727Z [36;1m  SUDO=sudo[0m
2024-12-04T06:38:05.6361924Z [36;1mfi[0m
2024-12-04T06:38:05.6362102Z [36;1m[0m
2024-12-04T06:38:05.6362358Z [36;1mexpected_bootstrap_version_digest=${bootstrap_sha}[0m
2024-12-04T06:38:05.6363226Z [36;1mlog_info "Downloading bootstrap version '${bootstrap_version}' of cosign to verify version to be installed...\n      https://github.com/sigstore/cosign/releases/download/${bootstrap_version}/${bootstrap_filename}"[0m
2024-12-04T06:38:05.6364408Z [36;1m$SUDO curl -sL https://github.com/sigstore/cosign/releases/download/${bootstrap_version}/${bootstrap_filename} -o ${cosign_executable_name}[0m
2024-12-04T06:38:05.6365073Z [36;1mshaBootstrap=$(shaprog ${cosign_executable_name});[0m
2024-12-04T06:38:05.6366031Z [36;1mif [[ $shaBootstrap != ${expected_bootstrap_version_digest} ]]; then[0m
2024-12-04T06:38:05.6366466Z [36;1m  log_error "Unable to validate cosign version: 'v2.2.0'"[0m
2024-12-04T06:38:05.6366787Z [36;1m  exit 1[0m
2024-12-04T06:38:05.6366986Z [36;1mfi[0m
2024-12-04T06:38:05.6367203Z [36;1m$SUDO chmod +x ${cosign_executable_name}[0m
2024-12-04T06:38:05.6367476Z [36;1m[0m
2024-12-04T06:38:05.6367787Z [36;1m# If the bootstrap and specified `cosign` releases are the same, we're done.[0m
2024-12-04T06:38:05.6368353Z [36;1mif [[ v2.2.0 == ${bootstrap_version} ]]; then[0m
2024-12-04T06:38:05.6368854Z [36;1m  log_info "bootstrap version successfully verified and matches requested version so nothing else to do"[0m
2024-12-04T06:38:05.6369313Z [36;1m  exit 0[0m
2024-12-04T06:38:05.6369509Z [36;1mfi[0m
2024-12-04T06:38:05.6369687Z [36;1m[0m
2024-12-04T06:38:05.6369934Z [36;1msemver='^v([0-9]+\.){0,2}(\*|[0-9]+)(-?r?c?)(\.[0-9]+)$'[0m
2024-12-04T06:38:05.6370258Z [36;1mif [[ v2.2.0 =~ $semver ]]; then[0m
2024-12-04T06:38:05.6370580Z [36;1m  log_info "Custom cosign version 'v2.2.0' requested"[0m
2024-12-04T06:38:05.6370877Z [36;1melse[0m
2024-12-04T06:38:05.6371169Z [36;1m  log_error "Unable to validate requested cosign version: 'v2.2.0'"[0m
2024-12-04T06:38:05.6371515Z [36;1m  exit 1[0m
2024-12-04T06:38:05.6371709Z [36;1mfi[0m
2024-12-04T06:38:05.6371887Z [36;1m[0m
2024-12-04T06:38:05.6372088Z [36;1m# Download custom cosign[0m
2024-12-04T06:38:05.6372743Z [36;1mlog_info "Downloading platform-specific version 'v2.2.0' of cosign...\n      https://github.com/sigstore/cosign/releases/download/v2.2.0/${desired_cosign_filename}"[0m
2024-12-04T06:38:05.6373653Z [36;1m$SUDO curl -sL https://github.com/sigstore/cosign/releases/download/v2.2.0/${desired_cosign_filename} -o cosign_v2.2.0[0m
2024-12-04T06:38:05.6374189Z [36;1mshaCustom=$(shaprog cosign_v2.2.0);[0m
2024-12-04T06:38:05.6374448Z [36;1m[0m
2024-12-04T06:38:05.6374698Z [36;1m# same hash means it is the same release[0m
2024-12-04T06:38:05.6375007Z [36;1mif [[ $shaCustom != $shaBootstrap ]]; then[0m
2024-12-04T06:38:05.6375325Z [36;1m  if [[ v2.2.0 == 'v0.6.0' && Linux == 'Linux' ]]; then[0m
2024-12-04T06:38:05.6375697Z [36;1m    # v0.6.0's linux release has a dependency on `libpcsclite1`[0m
2024-12-04T06:38:05.6376105Z [36;1m    log_info "Installing libpcsclite1 package if necessary..."[0m
2024-12-04T06:38:05.6376433Z [36;1m    set +e[0m
2024-12-04T06:38:05.6376657Z [36;1m    sudo dpkg -s libpcsclite1[0m
2024-12-04T06:38:05.6376945Z [36;1m    if [ $? -eq 0 ]; then[0m
2024-12-04T06:38:05.6377260Z [36;1m        log_info "libpcsclite1 package is already installed"[0m
2024-12-04T06:38:05.6377565Z [36;1m    else[0m
2024-12-04T06:38:05.6377876Z [36;1m         log_info "libpcsclite1 package is not installed, installing it now."[0m
2024-12-04T06:38:05.6378267Z [36;1m         sudo apt-get update -q -q[0m
2024-12-04T06:38:05.6378569Z [36;1m         sudo apt-get install -yq libpcsclite1[0m
2024-12-04T06:38:05.6378845Z [36;1m    fi[0m
2024-12-04T06:38:05.6379041Z [36;1m    set -e[0m
2024-12-04T06:38:05.6379238Z [36;1m  fi[0m
2024-12-04T06:38:05.6379433Z [36;1m[0m
2024-12-04T06:38:05.6379633Z [36;1m  if [[ v2.2.0 == 'v0.6.0' ]]; then[0m
2024-12-04T06:38:05.6380381Z [36;1m    log_info "Downloading detached signature for platform-specific 'v2.2.0' of cosign...\n      https://github.com/sigstore/cosign/releases/download/v2.2.0/${desired_cosign_v060_signature}"[0m
2024-12-04T06:38:05.6381449Z [36;1m    $SUDO curl -sL https://github.com/sigstore/cosign/releases/download/v2.2.0/${desired_cosign_v060_signature} -o ${desired_cosign_filename}.sig[0m
2024-12-04T06:38:05.6382021Z [36;1m  else[0m
2024-12-04T06:38:05.6382888Z [36;1m    log_info "Downloading detached signature for platform-specific 'v2.2.0' of cosign...\n      https://github.com/sigstore/cosign/releases/download/v2.2.0/${desired_cosign_filename}.sig"[0m
2024-12-04T06:38:05.6384048Z [36;1m    $SUDO curl -sLO https://github.com/sigstore/cosign/releases/download/v2.2.0/${desired_cosign_filename}.sig[0m
2024-12-04T06:38:05.6384523Z [36;1m  fi[0m
2024-12-04T06:38:05.6384713Z [36;1m[0m
2024-12-04T06:38:05.6384914Z [36;1m  if [[ v2.2.0 < 'v0.6.0' ]]; then[0m
2024-12-04T06:38:05.6385522Z [36;1m    log_info "Downloading cosign public key 'v2.2.0' of cosign...\n    https://raw.githubusercontent.com/sigstore/cosign/v2.2.0/.github/workflows/cosign.pub"[0m
2024-12-04T06:38:05.6386491Z [36;1m    RELEASE_COSIGN_PUB_KEY=https://raw.githubusercontent.com/sigstore/cosign/v2.2.0/.github/workflows/cosign.pub[0m
2024-12-04T06:38:05.6386983Z [36;1m  else[0m
2024-12-04T06:38:05.6387515Z [36;1m    log_info "Downloading cosign public key 'v2.2.0' of cosign...\n    https://raw.githubusercontent.com/sigstore/cosign/v2.2.0/release/release-cosign.pub"[0m
2024-12-04T06:38:05.6388631Z [36;1m    RELEASE_COSIGN_PUB_KEY=https://raw.githubusercontent.com/sigstore/cosign/v2.2.0/release/release-cosign.pub[0m
2024-12-04T06:38:05.6389122Z [36;1m  fi[0m
2024-12-04T06:38:05.6389310Z [36;1m[0m
2024-12-04T06:38:05.6389641Z [36;1m  log_info "Using bootstrap cosign to verify signature of desired cosign version"[0m
2024-12-04T06:38:05.6390328Z [36;1m  ./cosign verify-blob --insecure-ignore-tlog --key $RELEASE_COSIGN_PUB_KEY --signature ${desired_cosign_filename}.sig cosign_v2.2.0[0m
2024-12-04T06:38:05.6390854Z [36;1m[0m
2024-12-04T06:38:05.6391038Z [36;1m  $SUDO rm cosign[0m
2024-12-04T06:38:05.6391318Z [36;1m  $SUDO mv cosign_v2.2.0 ${cosign_executable_name}[0m
2024-12-04T06:38:05.6391651Z [36;1m  $SUDO chmod +x ${cosign_executable_name}[0m
2024-12-04T06:38:05.6391958Z [36;1m  log_info "Installation complete!"[0m
2024-12-04T06:38:05.6392218Z [36;1mfi[0m
2024-12-04T06:38:05.6474277Z shell: /usr/bin/bash --noprofile --norc -e -o pipefail {0}
2024-12-04T06:38:05.6474632Z env:
2024-12-04T06:38:05.6474956Z   pythonLocation: /opt/hostedtoolcache/Python/3.8.18/x64
2024-12-04T06:38:05.6475387Z   PKG_CONFIG_PATH: /opt/hostedtoolcache/Python/3.8.18/x64/lib/pkgconfig
2024-12-04T06:38:05.6475808Z   Python_ROOT_DIR: /opt/hostedtoolcache/Python/3.8.18/x64
2024-12-04T06:38:05.6476171Z   Python2_ROOT_DIR: /opt/hostedtoolcache/Python/3.8.18/x64
2024-12-04T06:38:05.6476523Z   Python3_ROOT_DIR: /opt/hostedtoolcache/Python/3.8.18/x64
2024-12-04T06:38:05.6476878Z   LD_LIBRARY_PATH: /opt/hostedtoolcache/Python/3.8.18/x64/lib
2024-12-04T06:38:05.6477192Z ##[endgroup]
2024-12-04T06:38:05.6598283Z [1;32mINFO[0m: Downloading bootstrap version 'v2.2.0' of cosign to verify version to be installed...
2024-12-04T06:38:05.6599131Z       https://github.com/sigstore/cosign/releases/download/v2.2.0/cosign-linux-amd64
2024-12-04T06:38:06.6788945Z [1;32mINFO[0m: bootstrap version successfully verified and matches requested version so nothing else to do
2024-12-04T06:38:06.6819476Z ##[group]Run echo "$HOME/.cosign" >> $GITHUB_PATH
2024-12-04T06:38:06.6819825Z [36;1mecho "$HOME/.cosign" >> $GITHUB_PATH[0m
2024-12-04T06:38:06.6876551Z shell: /usr/bin/bash --noprofile --norc -e -o pipefail {0}
2024-12-04T06:38:06.6876894Z env:
2024-12-04T06:38:06.6877153Z   pythonLocation: /opt/hostedtoolcache/Python/3.8.18/x64
2024-12-04T06:38:06.6877568Z   PKG_CONFIG_PATH: /opt/hostedtoolcache/Python/3.8.18/x64/lib/pkgconfig
2024-12-04T06:38:06.6877977Z   Python_ROOT_DIR: /opt/hostedtoolcache/Python/3.8.18/x64
2024-12-04T06:38:06.6878334Z   Python2_ROOT_DIR: /opt/hostedtoolcache/Python/3.8.18/x64
2024-12-04T06:38:06.6878680Z   Python3_ROOT_DIR: /opt/hostedtoolcache/Python/3.8.18/x64
2024-12-04T06:38:06.6879047Z   LD_LIBRARY_PATH: /opt/hostedtoolcache/Python/3.8.18/x64/lib
2024-12-04T06:38:06.6879349Z ##[endgroup]
2024-12-04T06:38:06.6995265Z ##[group]Run cd $GITHUB_ACTION_PATH \
2024-12-04T06:38:06.6995568Z [36;1mcd $GITHUB_ACTION_PATH \[0m
2024-12-04T06:38:06.6995812Z [36;1m&& ./ct.sh \[0m
2024-12-04T06:38:06.6996034Z [36;1m    --version 3.10.0 \[0m
2024-12-04T06:38:06.6996288Z [36;1m    --yamllint-version 1.27.1 \[0m
2024-12-04T06:38:06.6996749Z [36;1m    --yamale-version 3.0.4[0m
2024-12-04T06:38:06.7049363Z shell: /usr/bin/bash --noprofile --norc -e -o pipefail {0}
2024-12-04T06:38:06.7049695Z env:
2024-12-04T06:38:06.7049953Z   pythonLocation: /opt/hostedtoolcache/Python/3.8.18/x64
2024-12-04T06:38:06.7050360Z   PKG_CONFIG_PATH: /opt/hostedtoolcache/Python/3.8.18/x64/lib/pkgconfig
2024-12-04T06:38:06.7050755Z   Python_ROOT_DIR: /opt/hostedtoolcache/Python/3.8.18/x64
2024-12-04T06:38:06.7051103Z   Python2_ROOT_DIR: /opt/hostedtoolcache/Python/3.8.18/x64
2024-12-04T06:38:06.7051456Z   Python3_ROOT_DIR: /opt/hostedtoolcache/Python/3.8.18/x64
2024-12-04T06:38:06.7052004Z   LD_LIBRARY_PATH: /opt/hostedtoolcache/Python/3.8.18/x64/lib
2024-12-04T06:38:06.7052333Z ##[endgroup]
2024-12-04T06:38:06.7193706Z Installing chart-testing v3.10.0...
2024-12-04T06:38:07.8814458Z Verified OK
2024-12-04T06:38:07.9740164Z Creating virtual Python environment...
2024-12-04T06:38:10.8626377Z Activating virtual environment...
2024-12-04T06:38:10.8628971Z Installing yamllint...
2024-12-04T06:38:11.3352246Z Collecting yamllint==1.27.1
2024-12-04T06:38:11.3772645Z   Downloading yamllint-1.27.1.tar.gz (129 kB)
2024-12-04T06:38:11.3981718Z       129.1/129.1 kB 6.7 MB/s eta 0:00:00
2024-12-04T06:38:11.4501921Z   Preparing metadata (setup.py): started
2024-12-04T06:38:11.8625948Z   Preparing metadata (setup.py): finished with status 'done'
2024-12-04T06:38:11.8888179Z Collecting pathspec>=0.5.3
2024-12-04T06:38:11.8930839Z   Downloading pathspec-0.12.1-py3-none-any.whl (31 kB)
2024-12-04T06:38:11.9865874Z Collecting pyyaml
2024-12-04T06:38:11.9912733Z   Downloading PyYAML-6.0.2-cp38-cp38-manylinux_2_17_x86_64.manylinux2014_x86_64.whl (746 kB)
2024-12-04T06:38:12.0063591Z       746.5/746.5 kB 60.3 MB/s eta 0:00:00
2024-12-04T06:38:12.0085842Z Requirement already satisfied: setuptools in /opt/hostedtoolcache/ct/3.10.0/amd64/venv/lib/python3.8/site-packages (from yamllint==1.27.1) (56.0.0)
2024-12-04T06:38:12.0377275Z Installing collected packages: pyyaml, pathspec, yamllint
2024-12-04T06:38:12.1041599Z   DEPRECATION: yamllint is being installed using the legacy 'setup.py install' method, because it does not have a 'pyproject.toml' and the 'wheel' package is not installed. pip 23.1 will enforce this behaviour change. A possible replacement is to enable the '--use-pep517' option. Discussion can be found at https://github.com/pypa/pip/issues/8559
2024-12-04T06:38:12.1044251Z   Running setup.py install for yamllint: started
2024-12-04T06:38:12.3583473Z   Running setup.py install for yamllint: finished with status 'done'
2024-12-04T06:38:12.3631057Z Successfully installed pathspec-0.12.1 pyyaml-6.0.2 yamllint-1.27.1
2024-12-04T06:38:12.5221201Z 
2024-12-04T06:38:12.5221880Z [notice] A new release of pip is available: 23.0.1 -> 24.3.1
2024-12-04T06:38:12.5222419Z [notice] To update, run: pip install --upgrade pip
2024-12-04T06:38:12.5836816Z Installing Yamale...
2024-12-04T06:38:13.0588821Z Collecting yamale==3.0.4
2024-12-04T06:38:13.0995611Z   Downloading yamale-3.0.4.tar.gz (30 kB)
2024-12-04T06:38:13.1261681Z   Preparing metadata (setup.py): started
2024-12-04T06:38:13.2985413Z   Preparing metadata (setup.py): finished with status 'done'
2024-12-04T06:38:13.3032094Z Requirement already satisfied: pyyaml in /opt/hostedtoolcache/ct/3.10.0/amd64/venv/lib/python3.8/site-packages (from yamale==3.0.4) (6.0.2)
2024-12-04T06:38:13.3297376Z Installing collected packages: yamale
2024-12-04T06:38:13.3316020Z   DEPRECATION: yamale is being installed using the legacy 'setup.py install' method, because it does not have a 'pyproject.toml' and the 'wheel' package is not installed. pip 23.1 will enforce this behaviour change. A possible replacement is to enable the '--use-pep517' option. Discussion can be found at https://github.com/pypa/pip/issues/8559
2024-12-04T06:38:13.3319103Z   Running setup.py install for yamale: started
2024-12-04T06:38:13.5758818Z   Running setup.py install for yamale: finished with status 'done'
2024-12-04T06:38:13.5820553Z Successfully installed yamale-3.0.4
2024-12-04T06:38:13.6343433Z 
2024-12-04T06:38:13.6344212Z [notice] A new release of pip is available: 23.0.1 -> 24.3.1
2024-12-04T06:38:13.6344918Z [notice] To update, run: pip install --upgrade pip
2024-12-04T06:38:13.6877412Z Adding ct directory to PATH...
2024-12-04T06:38:13.6878001Z Setting CT_CONFIG_DIR...
2024-12-04T06:38:13.6878865Z Configuring environment variables for virtual environment for subsequent workflow steps...
2024-12-04T06:38:13.6902428Z Version:	 v3.10.0
2024-12-04T06:38:13.6902910Z Git commit:	 0cb17e5aa89e2d6cf49cb4e7f09b602af58adfbb
2024-12-04T06:38:13.6903770Z Date:		 2023-10-31T14:27:21Z
2024-12-04T06:38:13.6904062Z License:	 Apache 2.0
2024-12-04T06:38:13.6941126Z ##[group]Run helm repo add open-telemetry https://open-telemetry.github.io/opentelemetry-helm-charts
2024-12-04T06:38:13.6941810Z [36;1mhelm repo add open-telemetry https://open-telemetry.github.io/opentelemetry-helm-charts[0m
2024-12-04T06:38:13.6942393Z [36;1mhelm repo add prometheus https://prometheus-community.github.io/helm-charts[0m
2024-12-04T06:38:13.6942900Z [36;1mhelm repo add grafana https://grafana.github.io/helm-charts[0m
2024-12-04T06:38:13.6943347Z [36;1mhelm repo add jaeger https://jaegertracing.github.io/helm-charts[0m
2024-12-04T06:38:13.6943845Z [36;1mhelm repo add opensearch https://opensearch-project.github.io/helm-charts[0m
2024-12-04T06:38:13.7001714Z shell: /usr/bin/bash --noprofile --norc -e -o pipefail {0}
2024-12-04T06:38:13.7002057Z env:
2024-12-04T06:38:13.7002312Z   pythonLocation: /opt/hostedtoolcache/Python/3.8.18/x64
2024-12-04T06:38:13.7002748Z   PKG_CONFIG_PATH: /opt/hostedtoolcache/Python/3.8.18/x64/lib/pkgconfig
2024-12-04T06:38:13.7003175Z   Python_ROOT_DIR: /opt/hostedtoolcache/Python/3.8.18/x64
2024-12-04T06:38:13.7003549Z   Python2_ROOT_DIR: /opt/hostedtoolcache/Python/3.8.18/x64
2024-12-04T06:38:13.7003923Z   Python3_ROOT_DIR: /opt/hostedtoolcache/Python/3.8.18/x64
2024-12-04T06:38:13.7004290Z   LD_LIBRARY_PATH: /opt/hostedtoolcache/Python/3.8.18/x64/lib
2024-12-04T06:38:13.7004660Z   CT_CONFIG_DIR: /opt/hostedtoolcache/ct/3.10.0/amd64/etc
2024-12-04T06:38:13.7005002Z   VIRTUAL_ENV: /opt/hostedtoolcache/ct/3.10.0/amd64/venv
2024-12-04T06:38:13.7005297Z ##[endgroup]
2024-12-04T06:38:13.8446027Z "open-telemetry" has been added to your repositories
2024-12-04T06:38:14.3171516Z "prometheus" has been added to your repositories
2024-12-04T06:38:14.8705806Z "grafana" has been added to your repositories
2024-12-04T06:38:15.1439566Z "jaeger" has been added to your repositories
2024-12-04T06:38:15.2387463Z "opensearch" has been added to your repositories
2024-12-04T06:38:15.2459895Z ##[group]Run azure/setup-helm@v3
2024-12-04T06:38:15.2460384Z with:
2024-12-04T06:38:15.2460716Z   version: v3.14.4
2024-12-04T06:38:15.2461085Z env:
2024-12-04T06:38:15.2461528Z   pythonLocation: /opt/hostedtoolcache/Python/3.8.18/x64
2024-12-04T06:38:15.2462286Z   PKG_CONFIG_PATH: /opt/hostedtoolcache/Python/3.8.18/x64/lib/pkgconfig
2024-12-04T06:38:15.2463065Z   Python_ROOT_DIR: /opt/hostedtoolcache/Python/3.8.18/x64
2024-12-04T06:38:15.2463716Z   Python2_ROOT_DIR: /opt/hostedtoolcache/Python/3.8.18/x64
2024-12-04T06:38:15.2464448Z   Python3_ROOT_DIR: /opt/hostedtoolcache/Python/3.8.18/x64
2024-12-04T06:38:15.2465158Z   LD_LIBRARY_PATH: /opt/hostedtoolcache/Python/3.8.18/x64/lib
2024-12-04T06:38:15.2465780Z   CT_CONFIG_DIR: /opt/hostedtoolcache/ct/3.10.0/amd64/etc
2024-12-04T06:38:15.2466405Z   VIRTUAL_ENV: /opt/hostedtoolcache/ct/3.10.0/amd64/venv
2024-12-04T06:38:15.2466942Z ##[endgroup]
2024-12-04T06:38:15.2996689Z ##[group]Downloading v3.14.4
2024-12-04T06:38:15.7415900Z [command]/usr/bin/unzip -o -q /home/runner/work/_temp/28cb1708-a8ff-41fc-856e-1d77fb93fdd5
2024-12-04T06:38:16.1802818Z ##[endgroup]
2024-12-04T06:38:16.1805665Z Helm tool version 'v3.14.4' has been cached at /opt/hostedtoolcache/helm/3.14.4/x64/linux-amd64/helm
2024-12-04T06:38:16.1925522Z ##[group]Run make generate-kubernetes-manifests
2024-12-04T06:38:16.1926182Z [36;1mmake generate-kubernetes-manifests[0m
2024-12-04T06:38:16.1985548Z shell: /usr/bin/bash -e {0}
2024-12-04T06:38:16.1985799Z env:
2024-12-04T06:38:16.1986053Z   pythonLocation: /opt/hostedtoolcache/Python/3.8.18/x64
2024-12-04T06:38:16.1986481Z   PKG_CONFIG_PATH: /opt/hostedtoolcache/Python/3.8.18/x64/lib/pkgconfig
2024-12-04T06:38:16.1986894Z   Python_ROOT_DIR: /opt/hostedtoolcache/Python/3.8.18/x64
2024-12-04T06:38:16.1987267Z   Python2_ROOT_DIR: /opt/hostedtoolcache/Python/3.8.18/x64
2024-12-04T06:38:16.1987815Z   Python3_ROOT_DIR: /opt/hostedtoolcache/Python/3.8.18/x64
2024-12-04T06:38:16.1988197Z   LD_LIBRARY_PATH: /opt/hostedtoolcache/Python/3.8.18/x64/lib
2024-12-04T06:38:16.1988566Z   CT_CONFIG_DIR: /opt/hostedtoolcache/ct/3.10.0/amd64/etc
2024-12-04T06:38:16.1988899Z   VIRTUAL_ENV: /opt/hostedtoolcache/ct/3.10.0/amd64/venv
2024-12-04T06:38:16.1989183Z ##[endgroup]
2024-12-04T06:38:16.2257210Z helm repo add open-telemetry https://open-telemetry.github.io/opentelemetry-helm-charts
2024-12-04T06:38:16.2556717Z "open-telemetry" already exists with the same configuration, skipping
2024-12-04T06:38:16.2572437Z helm repo update
2024-12-04T06:38:16.2879360Z Hang tight while we grab the latest from your chart repositories...
2024-12-04T06:38:16.3571973Z ...Successfully got an update from the "opensearch" chart repository
2024-12-04T06:38:16.3972826Z ...Successfully got an update from the "jaeger" chart repository
2024-12-04T06:38:16.4269252Z ...Successfully got an update from the "open-telemetry" chart repository
2024-12-04T06:38:16.7467389Z ...Successfully got an update from the "grafana" chart repository
2024-12-04T06:38:16.7736186Z ...Successfully got an update from the "prometheus" chart repository
2024-12-04T06:38:16.7737256Z Update Complete. Happy Helming!
2024-12-04T06:38:16.7785679Z echo "# Copyright The OpenTelemetry Authors" > kubernetes/opentelemetry-demo.yaml
2024-12-04T06:38:16.7796427Z echo "# SPDX-License-Identifier: Apache-2.0" >> kubernetes/opentelemetry-demo.yaml
2024-12-04T06:38:16.7806228Z echo "# This file is generated by 'make generate-kubernetes-manifests'" >> kubernetes/opentelemetry-demo.yaml
2024-12-04T06:38:16.7814027Z echo "---" >> kubernetes/opentelemetry-demo.yaml
2024-12-04T06:38:16.7822192Z echo "apiVersion: v1" >> kubernetes/opentelemetry-demo.yaml
2024-12-04T06:38:16.7830026Z echo "kind: Namespace" >> kubernetes/opentelemetry-demo.yaml
2024-12-04T06:38:16.7837765Z echo "metadata:" >> kubernetes/opentelemetry-demo.yaml
2024-12-04T06:38:16.7845137Z echo "  name: otel-demo" >> kubernetes/opentelemetry-demo.yaml
2024-12-04T06:38:16.7853571Z helm template opentelemetry-demo open-telemetry/opentelemetry-demo --namespace otel-demo | sed '/helm.sh\/chart\:/d' | sed '/helm.sh\/hook/d' | sed '/managed-by\: Helm/d' >> kubernetes/opentelemetry-demo.yaml
2024-12-04T06:38:17.4369986Z ##[group]Run appleboy/scp-action@v0.1.2
2024-12-04T06:38:17.4370301Z with:
2024-12-04T06:38:17.4370579Z   host: ***
2024-12-04T06:38:17.4370800Z   username: ec2-user
2024-12-04T06:38:17.4372624Z   key: ***
2024-12-04T06:38:17.4372868Z   source: ./kubernetes/opentelemetry-demo.yaml
2024-12-04T06:38:17.4373164Z   target: /home/ec2-user/
2024-12-04T06:38:17.4373378Z   port: 22
2024-12-04T06:38:17.4373562Z   timeout: 30s
2024-12-04T06:38:17.4373752Z   command_timeout: 10m
2024-12-04T06:38:17.4373975Z   use_insecure_cipher: false
2024-12-04T06:38:17.4374204Z   rm: false
2024-12-04T06:38:17.4374379Z   debug: false
2024-12-04T06:38:17.4374566Z   strip_components: 0
2024-12-04T06:38:17.4374778Z   overwrite: false
2024-12-04T06:38:17.4374973Z   proxy_port: 22
2024-12-04T06:38:17.4375170Z   proxy_timeout: 30s
2024-12-04T06:38:17.4375401Z   proxy_use_insecure_cipher: false
2024-12-04T06:38:17.4375637Z env:
2024-12-04T06:38:17.4375885Z   pythonLocation: /opt/hostedtoolcache/Python/3.8.18/x64
2024-12-04T06:38:17.4376316Z   PKG_CONFIG_PATH: /opt/hostedtoolcache/Python/3.8.18/x64/lib/pkgconfig
2024-12-04T06:38:17.4376717Z   Python_ROOT_DIR: /opt/hostedtoolcache/Python/3.8.18/x64
2024-12-04T06:38:17.4377067Z   Python2_ROOT_DIR: /opt/hostedtoolcache/Python/3.8.18/x64
2024-12-04T06:38:17.4377626Z   Python3_ROOT_DIR: /opt/hostedtoolcache/Python/3.8.18/x64
2024-12-04T06:38:17.4377980Z   LD_LIBRARY_PATH: /opt/hostedtoolcache/Python/3.8.18/x64/lib
2024-12-04T06:38:17.4378331Z   CT_CONFIG_DIR: /opt/hostedtoolcache/ct/3.10.0/amd64/etc
2024-12-04T06:38:17.4378665Z   VIRTUAL_ENV: /opt/hostedtoolcache/ct/3.10.0/amd64/venv
2024-12-04T06:38:17.4378948Z ##[endgroup]
2024-12-04T06:38:17.4474679Z ##[command]/usr/bin/docker run --name ac83bd60b294353347c48d3044f9918a62eb_67123f --label 54ac83 --workdir /github/workspace --rm -e "pythonLocation" -e "PKG_CONFIG_PATH" -e "Python_ROOT_DIR" -e "Python2_ROOT_DIR" -e "Python3_ROOT_DIR" -e "LD_LIBRARY_PATH" -e "CT_CONFIG_DIR" -e "VIRTUAL_ENV" -e "INPUT_HOST" -e "INPUT_USERNAME" -e "INPUT_KEY" -e "INPUT_SOURCE" -e "INPUT_TARGET" -e "INPUT_PORT" -e "INPUT_PASSWORD" -e "INPUT_TIMEOUT" -e "INPUT_COMMAND_TIMEOUT" -e "INPUT_KEY_PATH" -e "INPUT_PASSPHRASE" -e "INPUT_FINGERPRINT" -e "INPUT_USE_INSECURE_CIPHER" -e "INPUT_RM" -e "INPUT_DEBUG" -e "INPUT_STRIP_COMPONENTS" -e "INPUT_OVERWRITE" -e "INPUT_TAR_TMP_PATH" -e "INPUT_PROXY_HOST" -e "INPUT_PROXY_PORT" -e "INPUT_PROXY_USERNAME" -e "INPUT_PROXY_PASSWORD" -e "INPUT_PROXY_PASSPHRASE" -e "INPUT_PROXY_TIMEOUT" -e "INPUT_PROXY_KEY" -e "INPUT_PROXY_KEY_PATH" -e "INPUT_PROXY_FINGERPRINT" -e "INPUT_PROXY_USE_INSECURE_CIPHER" -e "HOME" -e "GITHUB_JOB" -e "GITHUB_REF" -e "GITHUB_SHA" -e "GITHUB_REPOSITORY" -e "GITHUB_REPOSITORY_OWNER" -e "GITHUB_REPOSITORY_OWNER_ID" -e "GITHUB_RUN_ID" -e "GITHUB_RUN_NUMBER" -e "GITHUB_RETENTION_DAYS" -e "GITHUB_RUN_ATTEMPT" -e "GITHUB_REPOSITORY_ID" -e "GITHUB_ACTOR_ID" -e "GITHUB_ACTOR" -e "GITHUB_TRIGGERING_ACTOR" -e "GITHUB_WORKFLOW" -e "GITHUB_HEAD_REF" -e "GITHUB_BASE_REF" -e "GITHUB_EVENT_NAME" -e "GITHUB_SERVER_URL" -e "GITHUB_API_URL" -e "GITHUB_GRAPHQL_URL" -e "GITHUB_REF_NAME" -e "GITHUB_REF_PROTECTED" -e "GITHUB_REF_TYPE" -e "GITHUB_WORKFLOW_REF" -e "GITHUB_WORKFLOW_SHA" -e "GITHUB_WORKSPACE" -e "GITHUB_ACTION" -e "GITHUB_EVENT_PATH" -e "GITHUB_ACTION_REPOSITORY" -e "GITHUB_ACTION_REF" -e "GITHUB_PATH" -e "GITHUB_ENV" -e "GITHUB_STEP_SUMMARY" -e "GITHUB_STATE" -e "GITHUB_OUTPUT" -e "RUNNER_OS" -e "RUNNER_ARCH" -e "RUNNER_NAME" -e "RUNNER_ENVIRONMENT" -e "RUNNER_TOOL_CACHE" -e "RUNNER_TEMP" -e "RUNNER_WORKSPACE" -e "ACTIONS_RUNTIME_URL" -e "ACTIONS_RUNTIME_TOKEN" -e "ACTIONS_CACHE_URL" -e "ACTIONS_RESULTS_URL" -e GITHUB_ACTIONS=true -e CI=true -v "/var/run/docker.sock":"/var/run/docker.sock" -v "/home/runner/work/_temp/_github_home":"/github/home" -v "/home/runner/work/_temp/_github_workflow":"/github/workflow" -v "/home/runner/work/_temp/_runner_file_commands":"/github/file_commands" -v "/home/runner/work/enpm818-final-phase-6/enpm818-final-phase-6":"/github/workspace" 54ac83:bd60b294353347c48d3044f9918a62eb
2024-12-04T06:38:18.1385691Z tar all files into /tmp/572855540/rHXKhSaLrV.tar
2024-12-04T06:38:18.1399793Z scp file to server.
2024-12-04T06:38:18.7331691Z create folder /home/ec2-user/
2024-12-04T06:38:19.1441737Z untar file rHXKhSaLrV.tar
2024-12-04T06:38:19.4941624Z remove file rHXKhSaLrV.tar
2024-12-04T06:38:19.8673452Z ===================================================
2024-12-04T06:38:19.8674462Z  Successfully executed transfer data to all host
2024-12-04T06:38:19.8675094Z ===================================================
2024-12-04T06:38:20.0077588Z ##[group]Run appleboy/ssh-action@v0.1.3
2024-12-04T06:38:20.0077891Z with:
2024-12-04T06:38:20.0078153Z   host: ***
2024-12-04T06:38:20.0078352Z   username: ec2-user
2024-12-04T06:38:20.0080126Z   key: ***
2024-12-04T06:38:20.0081904Z   script: # Backup existing manifest
if [ -f /home/ec2-user/kubernetes/opentelemetry-demo.yaml ]; then
  cp /home/ec2-user/kubernetes/opentelemetry-demo.yaml /home/ec2-user/kubernetes/opentelemetry-demo-backup.yaml
fi

# Apply new manifest
KUBECONFIG="/home/ec2-user/.kube/config" kubectl apply --namespace otel-demo -f /home/ec2-user/kubernetes/opentelemetry-demo.yaml

# Wait for deployment to complete
KUBECONFIG="/home/ec2-user/.kube/config" kubectl rollout status deployment/opentelemetry-demo-frontend -n otel-demo --timeout=30s

2024-12-04T06:38:20.0083936Z   port: 22
2024-12-04T06:38:20.0084120Z   sync: false
2024-12-04T06:38:20.0084317Z   use_insecure_cipher: false
2024-12-04T06:38:20.0084555Z   timeout: 30s
2024-12-04T06:38:20.0084774Z   command_timeout: 10m
2024-12-04T06:38:20.0084983Z   proxy_port: 22
2024-12-04T06:38:20.0085180Z   proxy_timeout: 30s
2024-12-04T06:38:20.0085405Z   proxy_use_insecure_cipher: false
2024-12-04T06:38:20.0085652Z   script_stop: false
2024-12-04T06:38:20.0085850Z   debug: false
2024-12-04T06:38:20.0086040Z env:
2024-12-04T06:38:20.0086280Z   pythonLocation: /opt/hostedtoolcache/Python/3.8.18/x64
2024-12-04T06:38:20.0086683Z   PKG_CONFIG_PATH: /opt/hostedtoolcache/Python/3.8.18/x64/lib/pkgconfig
2024-12-04T06:38:20.0087081Z   Python_ROOT_DIR: /opt/hostedtoolcache/Python/3.8.18/x64
2024-12-04T06:38:20.0087437Z   Python2_ROOT_DIR: /opt/hostedtoolcache/Python/3.8.18/x64
2024-12-04T06:38:20.0087794Z   Python3_ROOT_DIR: /opt/hostedtoolcache/Python/3.8.18/x64
2024-12-04T06:38:20.0088153Z   LD_LIBRARY_PATH: /opt/hostedtoolcache/Python/3.8.18/x64/lib
2024-12-04T06:38:20.0088504Z   CT_CONFIG_DIR: /opt/hostedtoolcache/ct/3.10.0/amd64/etc
2024-12-04T06:38:20.0088842Z   VIRTUAL_ENV: /opt/hostedtoolcache/ct/3.10.0/amd64/venv
2024-12-04T06:38:20.0089129Z ##[endgroup]
2024-12-04T06:38:20.0105749Z ##[command]/usr/bin/docker run --name ac839ac3a5937c3f4d008f883818b0748564_851cf4 --label 54ac83 --workdir /github/workspace --rm -e "pythonLocation" -e "PKG_CONFIG_PATH" -e "Python_ROOT_DIR" -e "Python2_ROOT_DIR" -e "Python3_ROOT_DIR" -e "LD_LIBRARY_PATH" -e "CT_CONFIG_DIR" -e "VIRTUAL_ENV" -e "INPUT_HOST" -e "INPUT_USERNAME" -e "INPUT_KEY" -e "INPUT_SCRIPT" -e "INPUT_PORT" -e "INPUT_PASSPHRASE" -e "INPUT_PASSWORD" -e "INPUT_SYNC" -e "INPUT_USE_INSECURE_CIPHER" -e "INPUT_CIPHER" -e "INPUT_TIMEOUT" -e "INPUT_COMMAND_TIMEOUT" -e "INPUT_KEY_PATH" -e "INPUT_FINGERPRINT" -e "INPUT_PROXY_HOST" -e "INPUT_PROXY_PORT" -e "INPUT_PROXY_USERNAME" -e "INPUT_PROXY_PASSWORD" -e "INPUT_PROXY_PASSPHRASE" -e "INPUT_PROXY_TIMEOUT" -e "INPUT_PROXY_KEY" -e "INPUT_PROXY_KEY_PATH" -e "INPUT_PROXY_FINGERPRINT" -e "INPUT_PROXY_CIPHER" -e "INPUT_PROXY_USE_INSECURE_CIPHER" -e "INPUT_SCRIPT_STOP" -e "INPUT_ENVS" -e "INPUT_DEBUG" -e "HOME" -e "GITHUB_JOB" -e "GITHUB_REF" -e "GITHUB_SHA" -e "GITHUB_REPOSITORY" -e "GITHUB_REPOSITORY_OWNER" -e "GITHUB_REPOSITORY_OWNER_ID" -e "GITHUB_RUN_ID" -e "GITHUB_RUN_NUMBER" -e "GITHUB_RETENTION_DAYS" -e "GITHUB_RUN_ATTEMPT" -e "GITHUB_REPOSITORY_ID" -e "GITHUB_ACTOR_ID" -e "GITHUB_ACTOR" -e "GITHUB_TRIGGERING_ACTOR" -e "GITHUB_WORKFLOW" -e "GITHUB_HEAD_REF" -e "GITHUB_BASE_REF" -e "GITHUB_EVENT_NAME" -e "GITHUB_SERVER_URL" -e "GITHUB_API_URL" -e "GITHUB_GRAPHQL_URL" -e "GITHUB_REF_NAME" -e "GITHUB_REF_PROTECTED" -e "GITHUB_REF_TYPE" -e "GITHUB_WORKFLOW_REF" -e "GITHUB_WORKFLOW_SHA" -e "GITHUB_WORKSPACE" -e "GITHUB_ACTION" -e "GITHUB_EVENT_PATH" -e "GITHUB_ACTION_REPOSITORY" -e "GITHUB_ACTION_REF" -e "GITHUB_PATH" -e "GITHUB_ENV" -e "GITHUB_STEP_SUMMARY" -e "GITHUB_STATE" -e "GITHUB_OUTPUT" -e "RUNNER_OS" -e "RUNNER_ARCH" -e "RUNNER_NAME" -e "RUNNER_ENVIRONMENT" -e "RUNNER_TOOL_CACHE" -e "RUNNER_TEMP" -e "RUNNER_WORKSPACE" -e "ACTIONS_RUNTIME_URL" -e "ACTIONS_RUNTIME_TOKEN" -e "ACTIONS_CACHE_URL" -e "ACTIONS_RESULTS_URL" -e GITHUB_ACTIONS=true -e CI=true -v "/var/run/docker.sock":"/var/run/docker.sock" -v "/home/runner/work/_temp/_github_home":"/github/home" -v "/home/runner/work/_temp/_github_workflow":"/github/workflow" -v "/home/runner/work/_temp/_runner_file_commands":"/github/file_commands" -v "/home/runner/work/enpm818-final-phase-6/enpm818-final-phase-6":"/github/workspace" 54ac83:9ac3a5937c3f4d008f883818b0748564
2024-12-04T06:38:20.2319108Z ======CMD======
2024-12-04T06:38:20.2319999Z # Backup existing manifest
2024-12-04T06:38:20.2321009Z if [ -f /home/ec2-user/kubernetes/opentelemetry-demo.yaml ]; then
2024-12-04T06:38:20.2321819Z   cp /home/ec2-user/kubernetes/opentelemetry-demo.yaml /home/ec2-user/kubernetes/opentelemetry-demo-backup.yaml
2024-12-04T06:38:20.2322736Z fi
2024-12-04T06:38:20.2322898Z 
2024-12-04T06:38:20.2323033Z # Apply new manifest
2024-12-04T06:38:20.2323579Z KUBECONFIG="/home/ec2-user/.kube/config" kubectl apply --namespace otel-demo -f /home/ec2-user/kubernetes/opentelemetry-demo.yaml
2024-12-04T06:38:20.2324131Z 
2024-12-04T06:38:20.2324252Z # Wait for deployment to complete
2024-12-04T06:38:20.2324902Z KUBECONFIG="/home/ec2-user/.kube/config" kubectl rollout status deployment/opentelemetry-demo-frontend -n otel-demo --timeout=30s
2024-12-04T06:38:20.2325462Z 
2024-12-04T06:38:20.2325544Z ======END======
2024-12-04T06:38:24.7349089Z out: namespace/otel-demo unchanged
2024-12-04T06:38:24.7566277Z out: poddisruptionbudget.policy/otel-demo-opensearch-pdb configured
2024-12-04T06:38:24.8887867Z out: serviceaccount/opentelemetry-demo-grafana unchanged
2024-12-04T06:38:25.0432777Z out: serviceaccount/opentelemetry-demo-jaeger unchanged
2024-12-04T06:38:25.1531027Z out: serviceaccount/opentelemetry-demo-otelcol unchanged
2024-12-04T06:38:25.2632875Z out: serviceaccount/opentelemetry-demo-prometheus-server unchanged
2024-12-04T06:38:25.4132939Z out: serviceaccount/opentelemetry-demo unchanged
2024-12-04T06:38:25.5133375Z out: secret/opentelemetry-demo-grafana unchanged
2024-12-04T06:38:25.6221058Z out: configmap/opentelemetry-demo-grafana unchanged
2024-12-04T06:38:25.7639143Z out: configmap/otel-demo-opensearch-config unchanged
2024-12-04T06:38:25.8815918Z out: configmap/opentelemetry-demo-otelcol unchanged
2024-12-04T06:38:25.9871977Z out: configmap/opentelemetry-demo-prometheus-server unchanged
2024-12-04T06:38:26.0915271Z out: configmap/opentelemetry-demo-flagd-config unchanged
2024-12-04T06:38:26.2351649Z out: configmap/opentelemetry-demo-grafana-dashboards unchanged
2024-12-04T06:38:26.2664999Z out: clusterrole.rbac.authorization.k8s.io/opentelemetry-demo-grafana-clusterrole configured
2024-12-04T06:38:26.2875368Z out: clusterrole.rbac.authorization.k8s.io/opentelemetry-demo-otelcol unchanged
2024-12-04T06:38:26.3084591Z out: clusterrole.rbac.authorization.k8s.io/opentelemetry-demo-prometheus-server unchanged
2024-12-04T06:38:26.3311340Z out: clusterrolebinding.rbac.authorization.k8s.io/opentelemetry-demo-grafana-clusterrolebinding unchanged
2024-12-04T06:38:26.3504188Z out: clusterrolebinding.rbac.authorization.k8s.io/opentelemetry-demo-otelcol unchanged
2024-12-04T06:38:26.3698199Z out: clusterrolebinding.rbac.authorization.k8s.io/opentelemetry-demo-prometheus-server unchanged
2024-12-04T06:38:26.3982853Z out: role.rbac.authorization.k8s.io/opentelemetry-demo-grafana configured
2024-12-04T06:38:26.4152980Z out: rolebinding.rbac.authorization.k8s.io/opentelemetry-demo-grafana unchanged
2024-12-04T06:38:26.5184852Z out: service/opentelemetry-demo-grafana unchanged
2024-12-04T06:38:26.6246205Z out: service/opentelemetry-demo-jaeger-agent configured
2024-12-04T06:38:26.7268973Z out: service/opentelemetry-demo-jaeger-collector configured
2024-12-04T06:38:26.8270768Z out: service/opentelemetry-demo-jaeger-query unchanged
2024-12-04T06:38:26.9378034Z out: service/otel-demo-opensearch unchanged
2024-12-04T06:38:27.0469293Z out: service/otel-demo-opensearch-headless unchanged
2024-12-04T06:38:27.1444929Z out: service/opentelemetry-demo-otelcol unchanged
2024-12-04T06:38:27.2495098Z out: service/opentelemetry-demo-prometheus-server unchanged
2024-12-04T06:38:27.3459362Z out: service/opentelemetry-demo-adservice unchanged
2024-12-04T06:38:27.4451220Z out: service/opentelemetry-demo-cartservice unchanged
2024-12-04T06:38:27.5478519Z out: service/opentelemetry-demo-checkoutservice unchanged
2024-12-04T06:38:27.6805004Z out: service/opentelemetry-demo-currencyservice unchanged
2024-12-04T06:38:27.7805882Z out: service/opentelemetry-demo-emailservice unchanged
2024-12-04T06:38:27.8850397Z out: service/opentelemetry-demo-flagd unchanged
2024-12-04T06:38:27.9982037Z out: service/opentelemetry-demo-frontend unchanged
2024-12-04T06:38:28.1017275Z out: service/opentelemetry-demo-frontendproxy unchanged
2024-12-04T06:38:28.2296590Z out: service/opentelemetry-demo-imageprovider unchanged
2024-12-04T06:38:28.3285449Z out: service/opentelemetry-demo-kafka unchanged
2024-12-04T06:38:28.4279279Z out: service/opentelemetry-demo-loadgenerator unchanged
2024-12-04T06:38:28.5310871Z out: service/opentelemetry-demo-paymentservice unchanged
2024-12-04T06:38:28.6241873Z out: service/opentelemetry-demo-productcatalogservice unchanged
2024-12-04T06:38:28.7215652Z out: service/opentelemetry-demo-quoteservice unchanged
2024-12-04T06:38:28.8245777Z out: service/opentelemetry-demo-recommendationservice unchanged
2024-12-04T06:38:28.9182899Z out: service/opentelemetry-demo-shippingservice unchanged
2024-12-04T06:38:29.0282408Z out: service/opentelemetry-demo-valkey unchanged
2024-12-04T06:38:29.0900663Z out: deployment.apps/opentelemetry-demo-grafana configured
2024-12-04T06:38:29.1403820Z out: deployment.apps/opentelemetry-demo-jaeger configured
2024-12-04T06:38:29.2030206Z out: deployment.apps/opentelemetry-demo-otelcol configured
2024-12-04T06:38:29.2575846Z out: deployment.apps/opentelemetry-demo-prometheus-server configured
2024-12-04T06:38:29.3180569Z out: deployment.apps/opentelemetry-demo-accountingservice configured
2024-12-04T06:38:29.3685647Z out: deployment.apps/opentelemetry-demo-adservice configured
2024-12-04T06:38:29.4270605Z out: deployment.apps/opentelemetry-demo-cartservice configured
2024-12-04T06:38:29.4860527Z out: deployment.apps/opentelemetry-demo-checkoutservice configured
2024-12-04T06:38:29.5438158Z out: deployment.apps/opentelemetry-demo-currencyservice configured
2024-12-04T06:38:29.5944051Z out: deployment.apps/opentelemetry-demo-emailservice configured
2024-12-04T06:38:29.6425239Z out: deployment.apps/opentelemetry-demo-flagd unchanged
2024-12-04T06:38:29.7085689Z out: deployment.apps/opentelemetry-demo-frauddetectionservice configured
2024-12-04T06:38:29.7772806Z out: deployment.apps/opentelemetry-demo-frontend configured
2024-12-04T06:38:29.8294607Z out: deployment.apps/opentelemetry-demo-frontendproxy configured
2024-12-04T06:38:29.8873963Z out: deployment.apps/opentelemetry-demo-imageprovider configured
2024-12-04T06:38:29.9388636Z out: deployment.apps/opentelemetry-demo-kafka configured
2024-12-04T06:38:30.0113665Z out: deployment.apps/opentelemetry-demo-loadgenerator configured
2024-12-04T06:38:30.0661531Z out: deployment.apps/opentelemetry-demo-paymentservice configured
2024-12-04T06:38:30.1218157Z out: deployment.apps/opentelemetry-demo-productcatalogservice configured
2024-12-04T06:38:30.1748033Z out: deployment.apps/opentelemetry-demo-quoteservice configured
2024-12-04T06:38:30.2328321Z out: deployment.apps/opentelemetry-demo-recommendationservice configured
2024-12-04T06:38:30.2876165Z out: deployment.apps/opentelemetry-demo-shippingservice configured
2024-12-04T06:38:30.3483922Z out: deployment.apps/opentelemetry-demo-valkey configured
2024-12-04T06:38:30.4215907Z out: statefulset.apps/otel-demo-opensearch configured
2024-12-04T06:38:31.5511189Z out: deployment "opentelemetry-demo-frontend" successfully rolled out
2024-12-04T06:38:31.5527579Z ==============================================
2024-12-04T06:38:31.5528366Z  Successfully executed commands to all host.
2024-12-04T06:38:31.5528860Z ==============================================
2024-12-04T06:38:31.7246176Z ##[group]Run appleboy/ssh-action@v0.1.3
2024-12-04T06:38:31.7246485Z with:
2024-12-04T06:38:31.7246739Z   host: ***
2024-12-04T06:38:31.7246936Z   username: ec2-user
2024-12-04T06:38:31.7248728Z   key: ***
2024-12-04T06:38:31.7250459Z   script: # Wait for 5 minutes
sleep 30

# Check for unhealthy pods
UNHEALTHY_PODS=$(kubectl get pods -n otel-demo --field-selector=status.phase!=Running --no-headers 2> /dev/null | wc -l)
if [ "$UNHEALTHY_PODS" -ne 0 ]; then
  echo "Detected issues with deployment. Rolling back..."
  # Restore previous manifest
  if [ -f /home/ec2-user/kubernetes/opentelemetry-demo-backup.yaml ]; then
    kubectl apply -f /home/ec2-user/kubernetes/opentelemetry-demo-backup.yaml
  else
    echo "No backup manifest found. Cannot rollback."
    exit 1
  fi
else
  echo "Deployment is healthy."
fi

2024-12-04T06:38:31.7252414Z   port: 22
2024-12-04T06:38:31.7252597Z   sync: false
2024-12-04T06:38:31.7252794Z   use_insecure_cipher: false
2024-12-04T06:38:31.7253048Z   timeout: 30s
2024-12-04T06:38:31.7253240Z   command_timeout: 10m
2024-12-04T06:38:31.7253447Z   proxy_port: 22
2024-12-04T06:38:31.7253649Z   proxy_timeout: 30s
2024-12-04T06:38:31.7253863Z   proxy_use_insecure_cipher: false
2024-12-04T06:38:31.7254107Z   script_stop: false
2024-12-04T06:38:31.7254312Z   debug: false
2024-12-04T06:38:31.7254494Z env:
2024-12-04T06:38:31.7254736Z   pythonLocation: /opt/hostedtoolcache/Python/3.8.18/x64
2024-12-04T06:38:31.7255148Z   PKG_CONFIG_PATH: /opt/hostedtoolcache/Python/3.8.18/x64/lib/pkgconfig
2024-12-04T06:38:31.7255543Z   Python_ROOT_DIR: /opt/hostedtoolcache/Python/3.8.18/x64
2024-12-04T06:38:31.7255901Z   Python2_ROOT_DIR: /opt/hostedtoolcache/Python/3.8.18/x64
2024-12-04T06:38:31.7256252Z   Python3_ROOT_DIR: /opt/hostedtoolcache/Python/3.8.18/x64
2024-12-04T06:38:31.7256611Z   LD_LIBRARY_PATH: /opt/hostedtoolcache/Python/3.8.18/x64/lib
2024-12-04T06:38:31.7256972Z   CT_CONFIG_DIR: /opt/hostedtoolcache/ct/3.10.0/amd64/etc
2024-12-04T06:38:31.7257309Z   VIRTUAL_ENV: /opt/hostedtoolcache/ct/3.10.0/amd64/venv
2024-12-04T06:38:31.7257594Z ##[endgroup]
2024-12-04T06:38:31.7274672Z ##[command]/usr/bin/docker run --name ac839ac3a5937c3f4d008f883818b0748564_979f1b --label 54ac83 --workdir /github/workspace --rm -e "pythonLocation" -e "PKG_CONFIG_PATH" -e "Python_ROOT_DIR" -e "Python2_ROOT_DIR" -e "Python3_ROOT_DIR" -e "LD_LIBRARY_PATH" -e "CT_CONFIG_DIR" -e "VIRTUAL_ENV" -e "INPUT_HOST" -e "INPUT_USERNAME" -e "INPUT_KEY" -e "INPUT_SCRIPT" -e "INPUT_PORT" -e "INPUT_PASSPHRASE" -e "INPUT_PASSWORD" -e "INPUT_SYNC" -e "INPUT_USE_INSECURE_CIPHER" -e "INPUT_CIPHER" -e "INPUT_TIMEOUT" -e "INPUT_COMMAND_TIMEOUT" -e "INPUT_KEY_PATH" -e "INPUT_FINGERPRINT" -e "INPUT_PROXY_HOST" -e "INPUT_PROXY_PORT" -e "INPUT_PROXY_USERNAME" -e "INPUT_PROXY_PASSWORD" -e "INPUT_PROXY_PASSPHRASE" -e "INPUT_PROXY_TIMEOUT" -e "INPUT_PROXY_KEY" -e "INPUT_PROXY_KEY_PATH" -e "INPUT_PROXY_FINGERPRINT" -e "INPUT_PROXY_CIPHER" -e "INPUT_PROXY_USE_INSECURE_CIPHER" -e "INPUT_SCRIPT_STOP" -e "INPUT_ENVS" -e "INPUT_DEBUG" -e "HOME" -e "GITHUB_JOB" -e "GITHUB_REF" -e "GITHUB_SHA" -e "GITHUB_REPOSITORY" -e "GITHUB_REPOSITORY_OWNER" -e "GITHUB_REPOSITORY_OWNER_ID" -e "GITHUB_RUN_ID" -e "GITHUB_RUN_NUMBER" -e "GITHUB_RETENTION_DAYS" -e "GITHUB_RUN_ATTEMPT" -e "GITHUB_REPOSITORY_ID" -e "GITHUB_ACTOR_ID" -e "GITHUB_ACTOR" -e "GITHUB_TRIGGERING_ACTOR" -e "GITHUB_WORKFLOW" -e "GITHUB_HEAD_REF" -e "GITHUB_BASE_REF" -e "GITHUB_EVENT_NAME" -e "GITHUB_SERVER_URL" -e "GITHUB_API_URL" -e "GITHUB_GRAPHQL_URL" -e "GITHUB_REF_NAME" -e "GITHUB_REF_PROTECTED" -e "GITHUB_REF_TYPE" -e "GITHUB_WORKFLOW_REF" -e "GITHUB_WORKFLOW_SHA" -e "GITHUB_WORKSPACE" -e "GITHUB_ACTION" -e "GITHUB_EVENT_PATH" -e "GITHUB_ACTION_REPOSITORY" -e "GITHUB_ACTION_REF" -e "GITHUB_PATH" -e "GITHUB_ENV" -e "GITHUB_STEP_SUMMARY" -e "GITHUB_STATE" -e "GITHUB_OUTPUT" -e "RUNNER_OS" -e "RUNNER_ARCH" -e "RUNNER_NAME" -e "RUNNER_ENVIRONMENT" -e "RUNNER_TOOL_CACHE" -e "RUNNER_TEMP" -e "RUNNER_WORKSPACE" -e "ACTIONS_RUNTIME_URL" -e "ACTIONS_RUNTIME_TOKEN" -e "ACTIONS_CACHE_URL" -e "ACTIONS_RESULTS_URL" -e GITHUB_ACTIONS=true -e CI=true -v "/var/run/docker.sock":"/var/run/docker.sock" -v "/home/runner/work/_temp/_github_home":"/github/home" -v "/home/runner/work/_temp/_github_workflow":"/github/workflow" -v "/home/runner/work/_temp/_runner_file_commands":"/github/file_commands" -v "/home/runner/work/enpm818-final-phase-6/enpm818-final-phase-6":"/github/workspace" 54ac83:9ac3a5937c3f4d008f883818b0748564
2024-12-04T06:38:31.9423697Z ======CMD======
2024-12-04T06:38:31.9424322Z # Wait for 5 minutes
2024-12-04T06:38:31.9424943Z sleep 30
2024-12-04T06:38:31.9425158Z 
2024-12-04T06:38:31.9425331Z # Check for unhealthy pods
2024-12-04T06:38:31.9426274Z UNHEALTHY_PODS=$(kubectl get pods -n otel-demo --field-selector=status.phase!=Running --no-headers 2> /dev/null | wc -l)
2024-12-04T06:38:31.9427210Z if [ "$UNHEALTHY_PODS" -ne 0 ]; then
2024-12-04T06:38:31.9430882Z   echo "Detected issues with deployment. Rolling back..."
2024-12-04T06:38:31.9431475Z   # Restore previous manifest
2024-12-04T06:38:31.9432124Z   if [ -f /home/ec2-user/kubernetes/opentelemetry-demo-backup.yaml ]; then
2024-12-04T06:38:31.9433008Z     kubectl apply -f /home/ec2-user/kubernetes/opentelemetry-demo-backup.yaml
2024-12-04T06:38:31.9433673Z   else
2024-12-04T06:38:31.9434080Z     echo "No backup manifest found. Cannot rollback."
2024-12-04T06:38:31.9434595Z     exit 1
2024-12-04T06:38:31.9434909Z   fi
2024-12-04T06:38:31.9435206Z else
2024-12-04T06:38:31.9435538Z   echo "Deployment is healthy."
2024-12-04T06:38:31.9435951Z fi
2024-12-04T06:38:31.9436119Z 
2024-12-04T06:38:31.9436246Z ======END======
2024-12-04T06:39:03.3418174Z out: Deployment is healthy.
2024-12-04T06:39:03.3418527Z ==============================================
2024-12-04T06:39:03.3419123Z  Successfully executed commands to all host.
2024-12-04T06:39:03.3419459Z ==============================================
2024-12-04T06:39:03.4976804Z Post job cleanup.
2024-12-04T06:39:03.5007280Z Post job cleanup.
2024-12-04T06:39:03.6206471Z Post job cleanup.
2024-12-04T06:39:03.6932543Z [command]/usr/bin/git version
2024-12-04T06:39:03.6969957Z git version 2.47.0
2024-12-04T06:39:03.7019568Z Temporarily overriding HOME='/home/runner/work/_temp/6ed9c208-8ecc-4617-9587-19e1d4b21a9d' before making global git config changes
2024-12-04T06:39:03.7020978Z Adding repository directory to the temporary git global config as a safe directory
2024-12-04T06:39:03.7025622Z [command]/usr/bin/git config --global --add safe.directory /home/runner/work/enpm818-final-phase-6/enpm818-final-phase-6
2024-12-04T06:39:03.7061623Z [command]/usr/bin/git config --local --name-only --get-regexp core\.sshCommand
2024-12-04T06:39:03.7092940Z [command]/usr/bin/git submodule foreach --recursive sh -c "git config --local --name-only --get-regexp 'core\.sshCommand' && git config --local --unset-all 'core.sshCommand' || :"
2024-12-04T06:39:03.7356298Z [command]/usr/bin/git config --local --name-only --get-regexp http\.https\:\/\/github\.com\/\.extraheader
2024-12-04T06:39:03.7377686Z http.https://github.com/.extraheader
2024-12-04T06:39:03.7389294Z [command]/usr/bin/git config --local --unset-all http.https://github.com/.extraheader
2024-12-04T06:39:03.7418976Z [command]/usr/bin/git submodule foreach --recursive sh -c "git config --local --name-only --get-regexp 'http\.https\:\/\/github\.com\/\.extraheader' && git config --local --unset-all 'http.https://github.com/.extraheader' || :"
2024-12-04T06:39:03.7774042Z Cleaning up orphan processes
